warn: LLAMA_ARG_REPACK environment variable is set, but will be overwritten by command line argument --no-repack
0.00.327.976 W load: control-looking token: 128247 '</s>' was not control-type; this is probably a bug in the model. its type will be overridden
0.00.630.443 I 
0.00.630.472 I system_info: n_threads = 8 (n_threads_batch = 8) / 10 | MTL : EMBED_LIBRARY = 1 | CPU : NEON = 1 | ARM_FMA = 1 | FP16_VA = 1 | DOTPROD = 1 | LLAMAFILE = 1 | ACCELERATE = 1 | REPACK = 1 | 
0.00.631.179 I winogrande_score : loaded 1267 tasks from prompt.
0.00.631.184 I winogrande_score : tokenizing selected tasks
0.00.739.624 I winogrande_score : calculating winogrande score over selected tasks.
1	0.0000	 -2.569063   -2.815890  1  2
2	50.0000	 -2.521425   -2.913007  1  1
3	66.6667	 -4.824851   -4.737227  2  2
4	75.0000	 -0.313466   -3.631712  1  1
5	80.0000	 -3.615568   -3.944540  1  1
6	83.3333	 -2.753938   -3.038361  1  1
7	85.7143	 -6.770725   -6.940086  1  1
8	87.5000	 -5.913872   -5.742641  2  2
9	88.8889	 -4.160256   -4.109232  2  2
10	80.0000	 -2.618656   -2.594132  2  1
11	72.7273	 -4.046556   -4.553596  1  2
12	75.0000	 -7.063617   -3.148526  2  2
13	76.9231	 -1.184808   -2.471139  1  1
14	78.5714	 -4.281519   -5.167752  1  1
15	80.0000	 -3.033101   -2.557383  2  2
16	81.2500	 -3.632131   -4.650580  1  1
17	76.4706	 -4.421052   -5.854376  1  2
18	72.2222	 -4.358377   -3.339923  2  1
19	68.4211	 -3.226291   -3.216787  2  1
20	70.0000	 -3.200701   -2.430964  2  2
21	66.6667	 -4.791159   -4.862791  1  2
22	68.1818	 -3.286750   -2.475951  2  2
23	69.5652	 -4.412151   -4.302668  2  2
24	70.8333	 -2.391144   -3.978974  1  1
25	72.0000	 -4.712600   -4.449041  2  2
26	73.0769	 -3.542279   -4.856909  1  1
27	70.3704	 -5.350533   -5.210876  2  1
28	71.4286	 -4.717132   -6.159848  1  1
29	72.4138	 -2.527271   -5.055689  1  1
30	73.3333	 -4.961957   -5.592839  1  1
31	74.1935	 -2.197846   -3.247565  1  1
32	75.0000	 -3.567280   -4.206190  1  1
33	72.7273	 -4.323247   -4.395353  1  2
34	73.5294	 -4.076034   -4.425700  1  1
35	74.2857	 -4.434276   -4.392143  2  2
36	72.2222	 -3.854998   -4.393407  1  2
37	70.2703	 -2.809000   -3.457755  1  2
38	71.0526	 -3.180988   -4.575638  1  1
39	71.7949	 -3.838037   -3.269814  2  2
40	72.5000	 -4.796688   -4.411448  2  2
41	73.1707	 -0.819747   -1.779992  1  1
42	73.8095	 -0.201945   -2.266064  1  1
43	74.4186	 -3.772568   -1.431273  2  2
44	75.0000	 -1.961661   -2.693640  1  1
45	73.3333	 -2.269917   -2.548985  1  2
46	73.9130	 -2.811989   -3.066756  1  1
47	72.3404	 -2.697711   -2.844177  1  2
48	72.9167	 -3.250705   -1.859943  2  2
49	73.4694	 -2.898131   -2.587686  2  2
50	74.0000	 -4.301532   -4.409079  1  1
51	74.5098	 -1.005139   -1.115826  1  1
52	73.0769	 -1.687956   -1.694014  1  2
53	71.6981	 -2.799767   -2.498395  2  1
54	72.2222	 -1.917880   -1.731358  2  2
55	72.7273	 -1.564473   -2.175057  1  1
56	73.2143	 -2.646199   -1.854779  2  2
57	73.6842	 -1.855422   -1.177765  2  2
58	74.1379	 -3.114677   -2.811604  2  2
59	74.5763	 -3.973323   -5.551075  1  1
60	75.0000	 -5.936462   -6.156444  1  1
61	75.4098	 -5.094217   -4.323696  2  2
62	75.8065	 -3.207814   -3.201455  2  2
63	76.1905	 -7.896224   -2.904676  2  2
64	75.0000	 -5.749709   -3.625158  2  1
65	75.3846	 -4.142594   -3.140726  2  2
66	75.7576	 -4.234694   -1.013640  2  2
67	74.6269	 -4.247066   -4.188601  2  1
68	75.0000	 -5.444626   -4.914423  2  2
69	75.3623	 -3.733439   -3.698542  2  2
70	75.7143	 -1.428336   -2.363366  1  1
71	76.0563	 -2.427730   -3.776176  1  1
72	76.3889	 -1.473605   -4.000395  1  1
73	76.7123	 -0.601509   -1.580765  1  1
74	75.6757	 -2.041490   -2.534458  1  2
75	74.6667	 -1.513545   -1.418942  2  1
76	73.6842	 -3.266275   -3.398132  1  2
77	72.7273	 -3.080856   -3.458419  1  2
78	73.0769	 -3.120301   -3.359848  1  1
79	73.4177	 -5.030101   -2.467965  2  2
80	73.7500	 -6.424645   -6.446340  1  1
81	74.0741	 -6.585900   -6.228376  2  2
82	74.3902	 -1.398192   -3.095302  1  1
83	74.6988	 -4.697095   -4.566334  2  2
84	75.0000	 -3.533561   -4.225373  1  1
85	75.2941	 -4.535761   -3.363621  2  2
86	74.4186	 -5.771327   -5.247690  2  1
87	74.7126	 -4.970202   -3.042881  2  2
88	75.0000	 -4.122239   -4.237804  1  1
89	75.2809	 -4.163569   -3.419456  2  2
90	74.4444	 -3.753223   -3.567295  2  1
91	73.6264	 -4.954707   -3.691079  2  1
92	73.9130	 -2.836500   -1.701621  2  2
93	74.1935	 -6.012466   -6.352680  1  1
94	74.4681	 -6.695703   -5.590816  2  2
95	74.7368	 -2.796475   -3.761730  1  1
96	75.0000	 -5.581931   -1.711912  2  2
97	75.2577	 -5.760248   -7.248540  1  1
98	75.5102	 -3.115393   -4.429912  1  1
99	75.7576	 -4.432418   -3.084315  2  2
100	76.0000	 -4.681349   -4.618697  2  2
101	76.2376	 -4.764524   -3.386874  2  2
102	76.4706	 -1.500879   -2.740999  1  1
103	76.6990	 -3.562659   -1.880609  2  2
104	76.9231	 -3.779073   -4.790955  1  1
105	76.1905	 -2.981741   -3.185780  1  2
106	76.4151	 -1.922984   -3.172626  1  1
107	76.6355	 -4.188281   -4.403647  1  1
108	76.8519	 -0.955518   -3.634932  1  1
109	77.0642	 -2.605571   -2.249864  2  2
110	77.2727	 -1.891999   -3.585577  1  1
111	77.4775	 -3.877312   -3.792263  2  2
112	76.7857	 -4.835265   -5.140006  1  2
113	76.9912	 -5.353139   -4.274226  2  2
114	77.1930	 -2.590484   -3.083365  1  1
115	77.3913	 -3.716540   -3.164920  2  2
116	76.7241	 -3.752068   -3.588146  2  1
117	76.9231	 -9.032371   -5.175261  2  2
118	77.1186	 -1.915348   -0.263890  2  2
119	77.3109	 -3.148813   -3.782182  1  1
120	77.5000	 -3.042040   -5.795370  1  1
121	76.8595	 -2.975028   -4.694146  1  2
122	77.0492	 -2.770159   -3.041082  1  1
123	77.2358	 -3.831465   -3.743689  2  2
124	77.4194	 -1.678514   -3.037534  1  1
125	77.6000	 -3.243274   -2.586546  2  2
126	76.9841	 -3.130873   -2.430240  2  1
127	76.3780	 -3.345611   -3.811679  1  2
128	76.5625	 -2.113967   -1.667473  2  2
129	75.9690	 -2.176793   -1.672672  2  1
130	75.3846	 -0.453698  -11.861313  1  2
131	75.5725	 -4.161627   -2.960086  2  2
132	75.0000	 -3.999140   -5.256775  1  2
133	75.1880	 -4.876833   -4.548200  2  2
134	75.3731	 -7.633700   -7.411845  2  2
135	75.5556	 -3.642756   -2.901237  2  2
136	75.7353	 -5.746709   -7.290291  1  1
137	75.9124	 -2.065414   -0.323383  2  2
138	75.3623	 -4.599065   -4.656923  1  2
139	75.5396	 -2.379563   -2.856155  1  1
140	75.7143	 -3.587659   -3.275657  2  2
141	75.1773	 -3.205784   -1.774292  2  1
142	75.3521	 -5.200521   -5.132500  2  2
143	75.5245	 -3.258528   -2.543480  2  2
144	75.6944	 -4.977976   -3.632734  2  2
145	75.8621	 -4.603272   -4.624269  1  1
146	75.3425	 -5.023786   -5.074736  1  2
147	74.8299	 -4.079987  -10.456924  1  2
148	75.0000	 -4.538060  -10.262862  1  1
149	74.4966	 -3.192664   -3.229231  1  2
150	74.6667	 -3.053963   -2.440646  2  2
151	74.8344	 -2.946409   -3.069436  1  1
152	74.3421	 -3.832668   -4.143013  1  2
153	74.5098	 -2.692536   -2.792712  1  1
154	74.6753	 -5.061507   -5.481942  1  1
155	74.8387	 -2.370442   -9.839993  1  1
156	74.3590	 -2.683740   -2.941452  1  2
157	73.8854	 -0.591730  -14.547592  1  2
158	73.4177	 -4.917153   -4.471344  2  1
159	73.5849	 -4.915875   -3.948293  2  2
160	73.7500	 -3.151269   -2.361257  2  2
161	73.2919	 -5.210155   -5.343658  1  2
162	73.4568	 -5.243291   -5.537538  1  1
163	73.6196	 -0.101980  -14.879419  1  1
164	73.7805	 -3.377709   -2.682559  2  2
165	73.3333	 -3.982201   -4.541551  1  2
166	73.4940	 -4.388039   -6.457164  1  1
167	73.6527	 -2.369546   -2.477440  1  1
168	73.8095	 -2.636571   -1.999485  2  2
169	73.9645	 -4.638654   -4.093143  2  2
170	74.1176	 -4.194152   -3.858704  2  2
171	74.2690	 -3.168558   -2.263991  2  2
172	74.4186	 -0.687862   -2.067047  1  1
173	73.9884	 -2.712504   -2.609834  2  1
174	73.5632	 -6.008997   -5.319493  2  1
175	73.7143	 -1.091629  -14.137927  1  1
176	73.8636	 -4.718507   -3.306897  2  2
177	74.0113	 -5.242533   -5.500381  1  1
178	73.5955	 -7.507794   -7.922090  1  2
179	73.7430	 -2.307887   -2.504354  1  1
180	73.8889	 -2.045987   -4.657912  1  1
181	74.0331	 -3.714144  -10.704534  1  1
182	74.1758	 -4.128884   -1.817832  2  2
183	73.7705	 -1.734654   -1.731086  2  1
184	73.9130	 -2.968587   -2.412785  2  2
185	74.0541	 -3.917305   -5.751917  1  1
186	74.1935	 -3.081939   -2.937473  2  2
187	73.7968	 -4.291658   -4.923861  1  2
188	73.9362	 -3.909941   -3.746105  2  2
189	74.0741	 -3.205954   -3.453305  1  1
190	74.2105	 -2.870610   -2.039447  2  2
191	73.8220	 -3.064687   -2.784868  2  1
192	73.9583	 -4.656796   -5.118922  1  1
193	74.0933	 -2.849224   -3.349016  1  1
194	73.7113	 -2.212434   -2.981988  1  2
195	73.3333	 -5.453512   -5.217012  2  1
196	73.4694	 -3.235302   -3.763186  1  1
197	73.6041	 -4.999070   -4.242767  2  2
198	73.2323	 -1.939052   -5.808506  1  2
199	72.8643	 -4.863361   -4.789787  2  1
200	73.0000	 -3.637240   -3.360483  2  2
201	73.1343	 -2.593602   -3.753653  1  1
202	73.2673	 -4.539717   -4.144077  2  2
203	73.3990	 -3.868667   -3.660501  2  2
204	73.5294	 -1.622434   -3.770107  1  1
205	73.1707	 -3.000556   -3.447361  1  2
206	72.8155	 -2.529837   -3.077206  1  2
207	72.9469	 -2.644591   -3.426806  1  1
208	72.5962	 -4.546737   -4.647407  1  2
209	72.7273	 -4.456810   -5.876682  1  1
210	72.8571	 -3.796266   -3.276400  2  2
211	72.9858	 -1.589909   -3.005256  1  1
212	73.1132	 -2.435031   -1.616885  2  2
213	72.7700	 -3.283561   -3.166363  2  1
214	72.8972	 -1.977690   -1.673847  2  2
215	73.0233	 -1.193337   -1.686451  1  1
216	73.1481	 -2.777160   -2.411682  2  2
217	73.2719	 -2.800533   -3.315736  1  1
218	73.3945	 -1.253279   -2.208483  1  1
219	73.5160	 -4.546088   -4.320919  2  2
220	73.6364	 -2.804739   -2.558325  2  2
221	73.7557	 -3.539571   -3.171773  2  2
222	73.8739	 -1.948187   -2.867207  1  1
223	73.9910	 -4.344783   -4.372829  1  1
224	74.1071	 -2.573457   -3.130321  1  1
225	74.2222	 -4.033154   -2.784881  2  2
226	73.8938	 -4.866155   -4.844999  2  1
227	73.5683	 -1.735465   -1.783731  1  2
228	73.2456	 -2.842230   -2.930146  1  2
229	72.9258	 -6.183014   -6.046732  2  1
230	73.0435	 -6.162868   -5.529179  2  2
231	73.1602	 -5.493004   -3.010206  2  2
232	72.8448	 -1.895877   -1.681168  2  1
233	72.9614	 -3.403123   -2.356381  2  2
234	73.0769	 -3.938590   -7.229231  1  1
235	72.7660	 -3.931812   -4.140381  1  2
236	72.8814	 -6.487910   -6.411259  2  2
237	72.9958	 -2.195880   -3.183342  1  1
238	72.6891	 -4.936870   -5.855975  1  2
239	72.8033	 -3.350892   -3.675247  1  1
240	72.9167	 -3.092470   -3.392710  1  1
241	73.0290	 -3.515386   -2.881146  2  2
242	73.1405	 -3.062300   -3.641447  1  1
243	73.2510	 -4.744869   -4.646326  2  2
244	73.3607	 -4.870254   -4.562582  2  2
245	73.4694	 -1.791255   -5.108226  1  1
246	73.5772	 -3.512653   -2.191692  2  2
247	73.6842	 -0.637891   -2.385685  1  1
248	73.3871	 -3.902034   -3.445827  2  1
249	73.0924	 -2.441649   -1.988231  2  1
250	72.8000	 -4.601054   -4.754765  1  2
251	72.9084	 -4.190850   -5.077549  1  1
252	72.6190	 -4.414012   -4.704336  1  2
253	72.3320	 -4.537987   -4.506981  2  1
254	72.4409	 -2.980186   -3.365972  1  1
255	72.1569	 -2.310436   -2.380047  1  2
256	72.2656	 -2.456662   -2.841711  1  1
257	72.3735	 -2.818474   -2.771670  2  2
258	72.4806	 -5.176048   -4.049521  2  2
259	72.5869	 -3.061009   -3.539898  1  1
260	72.3077	 -0.779029  -18.229277  1  2
261	72.0307	 -5.489350   -5.032578  2  1
262	71.7557	 -3.666216   -3.436137  2  1
263	71.8631	 -3.471359   -4.075339  1  1
264	71.5909	 -2.527451   -2.253062  2  1
265	71.6981	 -2.479180   -2.049833  2  2
266	71.4286	 -2.556845   -2.242009  2  1
267	71.1610	 -2.531782   -2.585603  1  2
268	71.2687	 -1.663038   -1.290986  2  2
269	71.3755	 -1.719914   -2.384455  1  1
270	71.4815	 -4.464426   -4.491588  1  1
271	71.5867	 -1.473762   -2.642692  1  1
272	71.6912	 -7.264181   -5.786776  2  2
273	71.7949	 -3.221445   -3.848857  1  1
274	71.8978	 -1.890011   -4.390741  1  1
275	71.6364	 -2.055544   -1.983624  2  1
276	71.7391	 -1.968715   -2.322061  1  1
277	71.8412	 -1.767476   -1.504093  2  2
278	71.5827	 -3.682106   -3.769535  1  2
279	71.6846	 -1.439733   -1.551843  1  1
280	71.7857	 -5.331315   -6.446683  1  1
281	71.8861	 -3.212053   -2.963356  2  2
282	71.9858	 -1.827226   -3.367070  1  1
283	71.7314	 -1.707886   -2.442589  1  2
284	71.8310	 -2.665123   -2.819393  1  1
285	71.5789	 -4.820769   -4.732158  2  1
286	71.6783	 -4.010532   -5.652654  1  1
287	71.4286	 -4.053931   -4.053190  2  1
288	71.5278	 -2.715475   -2.337116  2  2
289	71.6263	 -2.089531   -3.190721  1  1
290	71.7241	 -2.165562   -3.043844  1  1
291	71.8213	 -3.088755   -3.766611  1  1
292	71.9178	 -2.803451   -3.220256  1  1
293	72.0137	 -3.314476   -2.560909  2  2
294	72.1088	 -2.915688   -3.953029  1  1
295	72.2034	 -1.586341   -3.102250  1  1
296	72.2973	 -3.420415   -2.215249  2  2
297	72.3906	 -1.554366   -1.492216  2  2
298	72.4832	 -2.017676   -2.239499  1  1
299	72.2408	 -1.121160   -2.355915  1  2
300	72.3333	 -3.554966   -1.630185  2  2
301	72.4252	 -1.237062   -3.299483  1  1
302	72.5166	 -6.527296   -6.696122  1  1
303	72.6073	 -2.742379   -2.569767  2  2
304	72.6974	 -2.301375   -3.584143  1  1
305	72.7869	 -2.182985   -1.353110  2  2
306	72.8758	 -1.882113   -3.307090  1  1
307	72.6384	 -5.941547   -5.767649  2  1
308	72.4026	 -1.305698   -1.853733  1  2
309	72.4919	 -3.018253   -2.870122  2  2
310	72.2581	 -2.953373   -2.813422  2  1
311	72.0257	 -4.399790   -5.704060  1  2
312	72.1154	 -1.696125   -2.044109  1  1
313	71.8850	 -3.104142   -3.197776  1  2
314	71.9745	 -6.283758   -4.076817  2  2
315	71.7460	 -5.653353   -5.416124  2  1
316	71.5190	 -4.124539   -4.014607  2  1
317	71.6088	 -3.991511   -2.914006  2  2
318	71.3836	 -5.177257   -4.126763  2  1
319	71.4734	 -1.133165   -1.549190  1  1
320	71.5625	 -2.146370   -3.117532  1  1
321	71.6511	 -3.395654   -1.588040  2  2
322	71.7391	 -2.785843   -3.771847  1  1
323	71.5170	 -2.671139   -4.490962  1  2
324	71.6049	 -3.530963   -2.532969  2  2
325	71.6923	 -4.036148   -4.041905  1  1
326	71.4724	 -4.199907   -4.397463  1  2
327	71.5596	 -3.210109   -3.508384  1  1
328	71.3415	 -2.786798   -2.996863  1  2
329	71.1246	 -3.463877   -3.439619  2  1
330	71.2121	 -4.664673   -5.398262  1  1
331	70.9970	 -5.738800   -6.123167  1  2
332	71.0843	 -4.901809   -5.984611  1  1
333	70.8709	 -5.150188   -5.478784  1  2
334	70.6587	 -3.356667   -3.799010  1  2
335	70.7463	 -3.975336   -3.286536  2  2
336	70.8333	 -3.366571   -4.131629  1  1
337	70.9199	 -4.864463   -5.283970  1  1
338	71.0059	 -3.377612   -3.411798  1  1
339	71.0914	 -5.290691   -5.720223  1  1
340	71.1765	 -5.063571   -4.408534  2  2
341	71.2610	 -6.455024   -5.958184  2  2
342	71.3450	 -3.844887   -4.528273  1  1
343	71.4286	 -5.207626   -6.821730  1  1
344	71.2209	 -4.375181   -5.065495  1  2
345	71.3043	 -5.511092   -6.408552  1  1
346	71.3873	 -2.546924  -11.723089  1  1
347	71.4697	 -4.451305   -3.415804  2  2
348	71.5517	 -5.019427   -2.571788  2  2
349	71.6332	 -2.414879   -3.572908  1  1
350	71.7143	 -2.363742   -2.985484  1  1
351	71.5100	 -3.280623   -3.519373  1  2
352	71.5909	 -2.893668   -2.946054  1  1
353	71.3881	 -2.241613   -4.085731  1  2
354	71.1864	 -2.046207   -2.102555  1  2
355	71.2676	 -3.700437   -7.366153  1  1
356	71.3483	 -2.816466   -3.273778  1  1
357	71.4286	 -2.097605   -3.239598  1  1
358	71.5084	 -4.275380   -4.212588  2  2
359	71.5877	 -4.693209   -5.078794  1  1
360	71.6667	 -1.620536   -2.107390  1  1
361	71.4681	 -3.265943   -3.273601  1  2
362	71.5470	 -1.335750   -2.566788  1  1
363	71.3499	 -4.428273   -5.078060  1  2
364	71.4286	 -4.760915   -5.043005  1  1
365	71.2329	 -3.784735   -3.879726  1  2
366	71.3115	 -6.157788   -5.907914  2  2
367	71.1172	 -3.359490   -3.586920  1  2
368	71.1957	 -3.046302   -2.940153  2  2
369	71.2737	 -5.946035   -8.279862  1  1
370	71.0811	 -3.817717   -4.156442  1  2
371	71.1590	 -0.371608  -14.308155  1  1
372	71.2366	 -2.516151   -4.942606  1  1
373	71.3137	 -4.170921   -3.294790  2  2
374	71.3904	 -1.744116   -3.274720  1  1
375	71.4667	 -2.253917   -1.868942  2  2
376	71.2766	 -3.259932   -3.072343  2  1
377	71.0875	 -2.141737   -2.367240  1  2
378	70.8995	 -2.918878   -2.423065  2  1
379	70.9763	 -3.238255   -3.661829  1  1
380	71.0526	 -1.935187   -3.176044  1  1
381	71.1286	 -4.208283   -3.968892  2  2
382	71.2042	 -6.064049   -4.446088  2  2
383	71.2794	 -4.566748   -4.494346  2  2
384	71.3542	 -0.081515  -16.258554  1  1
385	71.1688	 -5.477684   -4.349598  2  1
386	71.2435	 -1.409411   -2.132133  1  1
387	71.3178	 -1.932766   -1.358156  2  2
388	71.1340	 -2.312170   -3.372813  1  2
389	71.2082	 -0.321406   -2.544801  1  1
390	71.0256	 -3.570066   -3.459214  2  1
391	71.0997	 -3.464320   -3.342953  2  2
392	71.1735	 -4.785282   -4.788315  1  1
393	71.2468	 -2.103595   -3.270450  1  1
394	71.3198	 -4.129523   -1.284892  2  2
395	71.3924	 -2.168552   -3.346846  1  1
396	71.4646	 -5.423775   -4.038913  2  2
397	71.5365	 -1.684912   -2.885297  1  1
398	71.6080	 -1.708895   -2.207338  1  1
399	71.6792	 -2.864480   -2.121629  2  2
400	71.7500	 -2.608237   -2.196015  2  2
401	71.8204	 -6.687422   -4.457230  2  2
402	71.8905	 -4.589058   -3.941717  2  2
403	71.9603	 -3.691679   -3.961828  1  1
404	72.0297	 -2.574656   -2.565759  2  2
405	72.0988	 -3.921013   -4.848929  1  1
406	72.1675	 -2.227170   -4.292896  1  1
407	72.2359	 -5.723122   -5.645349  2  2
408	72.3039	 -3.380392   -2.736072  2  2
409	72.3716	 -4.307058   -2.325351  2  2
410	72.4390	 -3.803745   -3.686383  2  2
411	72.5061	 -4.163478   -4.258205  1  1
412	72.3301	 -1.934445   -1.920482  2  1
413	72.1550	 -3.734621   -3.831338  1  2
414	71.9807	 -4.249413   -4.111079  2  1
415	71.8072	 -5.728798   -6.761352  1  2
416	71.8750	 -2.986895   -2.133877  2  2
417	71.9424	 -3.169644   -4.204168  1  1
418	72.0096	 -1.144601   -5.745268  1  1
419	72.0764	 -3.356521   -4.177446  1  1
420	71.9048	 -3.297541   -3.582136  1  2
421	71.7340	 -3.354982   -4.325608  1  2
422	71.5640	 -6.465534   -6.913065  1  2
423	71.6312	 -1.457402   -2.196086  1  1
424	71.4623	 -2.799439   -2.250745  2  1
425	71.2941	 -4.653500   -4.604832  2  1
426	71.3615	 -1.721635   -2.242688  1  1
427	71.4286	 -4.443681   -4.052351  2  2
428	71.2617	 -3.214722   -2.851992  2  1
429	71.3287	 -4.483363   -4.440169  2  2
430	71.3953	 -1.127388   -0.663525  2  2
431	71.4617	 -2.023297   -2.789999  1  1
432	71.5278	 -3.842506   -3.250915  2  2
433	71.3626	 -3.867101   -5.280095  1  2
434	71.4286	 -4.096435   -3.633852  2  2
435	71.4943	 -4.533480   -5.331377  1  1
436	71.3303	 -3.643290   -3.735989  1  2
437	71.3959	 -3.086170   -3.344060  1  1
438	71.4612	 -3.408904   -2.005681  2  2
439	71.5262	 -4.749742   -3.831191  2  2
440	71.5909	 -1.389176   -1.822710  1  1
441	71.6553	 -5.328585   -4.042487  2  2
442	71.4932	 -4.184167   -3.402988  2  1
443	71.3318	 -3.732061   -3.838382  1  2
444	71.3964	 -5.800575   -4.295550  2  2
445	71.4607	 -2.297167   -2.811718  1  1
446	71.3004	 -3.802076   -3.988300  1  2
447	71.3647	 -2.793331   -2.999233  1  1
448	71.2054	 -6.871748   -7.213419  1  2
449	71.2695	 -1.067326   -5.145716  1  1
450	71.1111	 -1.041310   -4.963081  1  2
451	71.1752	 -5.112749   -4.527416  2  2
452	71.2389	 -4.460063   -2.719170  2  2
453	71.3024	 -1.221582   -1.502250  1  1
454	71.1454	 -4.535068   -4.006331  2  1
455	71.2088	 -7.408197   -6.825434  2  2
456	71.2719	 -5.141925   -4.266091  2  2
457	71.1160	 -3.692811   -2.887486  2  1
458	71.1790	 -4.069035   -3.473134  2  2
459	71.2418	 -3.436806   -4.184639  1  1
460	71.3043	 -4.751308   -6.118316  1  1
461	71.1497	 -0.403651  -13.319599  1  2
462	71.2121	 -0.348282  -13.864210  1  1
463	71.2743	 -5.783048   -5.564910  2  2
464	71.3362	 -4.534144   -3.886920  2  2
465	71.3978	 -3.617681   -3.244701  2  2
466	71.4592	 -3.900068   -3.808028  2  2
467	71.5203	 -2.386637   -3.289174  1  1
468	71.5812	 -5.660536   -5.162804  2  2
469	71.6418	 -3.017969   -2.819066  2  2
470	71.4894	 -5.929272   -6.035392  1  2
471	71.5499	 -3.033113   -1.384189  2  2
472	71.6102	 -0.940281   -2.241519  1  1
473	71.6702	 -2.386521   -1.722160  2  2
474	71.7300	 -0.954780   -3.105594  1  1
475	71.7895	 -4.419644   -5.109469  1  1
476	71.8487	 -5.679049   -4.939550  2  2
477	71.6981	 -1.961832   -1.823187  2  1
478	71.7573	 -2.170430   -2.482671  1  1
479	71.8163	 -0.010110  -14.716004  1  1
480	71.8750	 -6.585096   -4.495644  2  2
481	71.7256	 -3.625125   -3.881300  1  2
482	71.7842	 -8.382501   -7.440974  2  2
483	71.8427	 -1.004250   -1.091827  1  1
484	71.9008	 -4.657754   -1.488714  2  2
485	71.9588	 -1.802916  -15.177794  1  1
486	71.8107	 -0.304371  -15.468575  1  2
487	71.8686	 -3.633263   -4.061105  1  1
488	71.7213	 -4.193920   -4.617293  1  2
489	71.7791	 -3.509307   -4.815307  1  1
490	71.6327	 -2.129705   -2.459446  1  2
491	71.6904	 -1.530312   -2.639825  1  1
492	71.7480	 -2.512361   -4.713375  1  1
493	71.8053	 -5.518604   -4.867321  2  2
494	71.8623	 -5.705290   -4.466417  2  2
495	71.9192	 -3.344182   -3.834958  1  1
496	71.9758	 -1.821801   -0.866829  2  2
497	72.0322	 -6.369565   -5.483443  2  2
498	72.0884	 -5.842870   -6.759720  1  1
499	72.1443	 -4.710726   -1.333338  2  2
500	72.2000	 -3.073627   -3.545049  1  1
501	72.2555	 -5.453200   -4.444982  2  2
502	72.1116	 -2.005355  -13.215556  1  2
503	72.1670	 -3.207934   -2.849241  2  2
504	72.2222	 -1.919398   -1.965269  1  1
505	72.2772	 -2.834852   -2.900476  1  1
506	72.3320	 -4.128526   -3.933687  2  2
507	72.1893	 -3.254972   -5.015544  1  2
508	72.0472	 -3.513122   -3.965770  1  2
509	71.9057	 -2.603336   -1.416781  2  1
510	71.9608	 -3.403318   -4.353639  1  1
511	71.8200	 -3.318397   -2.848938  2  1
512	71.8750	 -3.155484   -2.965198  2  2
513	71.7349	 -3.328409   -3.229391  2  1
514	71.5953	 -2.835128   -2.960476  1  2
515	71.6505	 -6.161079   -4.824402  2  2
516	71.7054	 -5.087676   -6.884390  1  1
517	71.7602	 -3.492310   -3.255380  2  2
518	71.8147	 -6.120553   -4.409816  2  2
519	71.8690	 -5.940068   -6.248650  1  1
520	71.9231	 -2.987828   -3.481677  1  1
521	71.9770	 -3.710922   -3.447333  2  2
522	72.0307	 -2.431234   -2.954173  1  1
523	72.0841	 -2.692535   -3.102533  1  1
524	71.9466	 -5.126108   -4.775862  2  1
525	72.0000	 -2.253988   -2.094031  2  2
526	72.0532	 -1.134681   -3.090398  1  1
527	72.1063	 -2.946604   -1.543378  2  2
528	71.9697	 -5.656180   -5.874500  1  2
529	72.0227	 -3.147934   -4.359589  1  1
530	72.0755	 -2.544034   -1.991434  2  2
531	72.1281	 -3.777420   -3.455965  2  2
532	71.9925	 -4.376935   -4.579919  1  2
533	72.0450	 -4.983253   -5.186558  1  1
534	72.0974	 -4.708672   -4.062675  2  2
535	72.1495	 -2.549088   -2.094428  2  2
536	72.2015	 -0.284424   -3.614737  1  1
537	72.2533	 -6.579439   -5.295569  2  2
538	72.3048	 -5.732127   -6.182139  1  1
539	72.1707	 -4.223378  -13.549089  1  2
540	72.2222	 -0.784452   -2.738392  1  1
541	72.2736	 -2.038600   -1.873543  2  2
542	72.3247	 -3.561766   -2.793145  2  2
543	72.1915	 -2.870041   -2.724129  2  1
544	72.0588	 -0.550196   -0.893133  1  2
545	72.1101	 -1.999620   -2.986870  1  1
546	71.9780	 -3.756692   -4.765296  1  2
547	72.0293	 -2.919238   -0.803301  2  2
548	71.8978	 -1.790125   -1.335214  2  1
549	71.7668	 -4.262799   -4.383206  1  2
550	71.8182	 -2.068861   -1.300512  2  2
551	71.8693	 -3.340997   -4.665380  1  1
552	71.9203	 -4.248324   -3.403555  2  2
553	71.7902	 -5.366614   -5.376935  1  2
554	71.8412	 -7.416399   -7.468661  1  1
555	71.8919	 -2.300968   -4.147709  1  1
556	71.9424	 -5.334950   -5.103962  2  2
557	71.8133	 -4.667119   -4.479952  2  1
558	71.8638	 -1.805102   -2.360892  1  1
559	71.9141	 -3.638740   -1.630744  2  2
560	71.9643	 -6.022778   -5.394122  2  2
561	72.0143	 -1.039188   -1.994138  1  1
562	72.0641	 -3.452924   -2.987499  2  2
563	72.1137	 -1.238530   -2.176664  1  1
564	72.1631	 -7.241574   -6.654661  2  2
565	72.0354	 -2.763483   -2.529724  2  1
566	72.0848	 -3.046456   -2.646904  2  2
567	72.1340	 -3.852172   -2.880018  2  2
568	72.1831	 -2.593085   -3.097077  1  1
569	72.2320	 -2.674725   -3.943083  1  1
570	72.1053	 -4.793830   -5.290306  1  2
571	72.1541	 -2.448114   -3.484632  1  1
572	72.2028	 -4.260532   -1.747369  2  2
573	72.2513	 -3.669861   -4.565240  1  1
574	72.1254	 -4.987513   -4.995687  1  2
575	72.0000	 -3.761159   -3.500501  2  1
576	72.0486	 -2.417995   -1.651164  2  2
577	72.0971	 -2.960917   -4.790197  1  1
578	72.1453	 -1.936546   -0.342678  2  2
579	72.1934	 -1.886228   -1.863208  2  2
580	72.2414	 -3.104806   -3.777048  1  1
581	72.1170	 -6.489627   -5.414610  2  1
582	72.1649	 -6.181785   -5.053389  2  2
583	72.0412	 -4.442988   -4.685331  1  2
584	72.0890	 -4.354403   -5.449605  1  1
585	71.9658	 -4.809029   -5.066156  1  2
586	72.0137	 -0.096497  -15.637135  1  1
587	71.8910	 -4.322317   -3.008476  2  1
588	71.9388	 -3.622101   -3.283538  2  2
589	71.8166	 -4.332747   -4.787151  1  2
590	71.6949	 -3.709844   -3.785446  1  2
591	71.7428	 -3.781167   -2.472001  2  2
592	71.7905	 -4.251550   -4.883412  1  1
593	71.8381	 -4.539104   -6.017865  1  1
594	71.8855	 -2.053500   -2.091941  1  1
595	71.7647	 -2.568682   -2.645898  1  2
596	71.8121	 -4.552113   -3.196835  2  2
597	71.8593	 -3.895063   -3.382710  2  2
598	71.9064	 -2.830294   -3.151212  1  1
599	71.9533	 -4.013958   -4.524527  1  1
600	71.8333	 -1.825334   -1.678168  2  1
601	71.7138	 -3.772892   -3.768645  2  1
602	71.7608	 -3.891485   -3.660456  2  2
603	71.6418	 -5.027452   -5.577747  1  2
604	71.6887	 -2.561921   -4.192284  1  1
605	71.5702	 -2.949936   -3.218531  1  2
606	71.6172	 -3.249950   -6.158515  1  1
607	71.4992	 -2.681130   -2.370411  2  1
608	71.5461	 -1.288395   -2.625105  1  1
609	71.5928	 -2.185934   -1.480535  2  2
610	71.4754	 -3.557685   -3.582387  1  2
611	71.5221	 -2.794670   -2.186645  2  2
612	71.5686	 -6.245347   -5.106421  2  2
613	71.6150	 -8.269299   -8.207212  2  2
614	71.6612	 -1.724388   -2.473329  1  1
615	71.7073	 -2.605754   -2.394724  2  2
616	71.5909	 -4.383405   -4.037970  2  1
617	71.6370	 -1.722961   -2.199042  1  1
618	71.6828	 -5.751222   -5.610538  2  2
619	71.5670	 -3.679657   -3.753892  1  2
620	71.6129	 -4.467484   -3.627743  2  2
621	71.6586	 -3.164863   -4.122883  1  1
622	71.7042	 -2.575031   -4.761602  1  1
623	71.5891	 -1.850977   -1.847655  2  1
624	71.4744	 -1.683995   -1.847068  1  2
625	71.5200	 -2.526387   -3.458709  1  1
626	71.5655	 -4.569005   -4.517827  2  2
627	71.6108	 -5.503401   -4.351837  2  2
628	71.6561	 -4.858028   -2.695983  2  2
629	71.7011	 -3.705210   -3.738270  1  1
630	71.7460	 -3.024335   -3.281533  1  1
631	71.7908	 -2.762454   -2.280159  2  2
632	71.8354	 -2.947561   -3.352978  1  1
633	71.7220	 -3.879639   -4.110607  1  2
634	71.6088	 -2.799055   -2.814224  1  2
635	71.4961	 -2.165424   -2.089231  2  1
636	71.5409	 -3.769081   -4.148413  1  1
637	71.5856	 -3.443563   -3.346604  2  2
638	71.4734	 -4.631088   -3.850245  2  1
639	71.5180	 -4.499844   -5.540466  1  1
640	71.4062	 -2.277229   -1.594712  2  1
641	71.4509	 -2.365182   -1.816403  2  2
642	71.4953	 -3.796877   -1.351253  2  2
643	71.3841	 -1.963692   -3.725283  1  2
644	71.2733	 -3.360132   -3.164162  2  1
645	71.3178	 -0.416627  -15.310394  1  1
646	71.2074	 -4.739367   -4.732925  2  1
647	71.0974	 -0.984504   -1.687996  1  2
648	70.9877	 -6.251188   -6.217814  2  1
649	70.8783	 -6.122893   -6.376981  1  2
650	70.7692	 -1.056154   -0.683988  2  1
651	70.8141	 -1.323525   -0.550893  2  2
652	70.7055	 -3.064400   -3.727238  1  2
653	70.5972	 -2.232283   -2.175996  2  1
654	70.4893	 -3.206838   -3.551761  1  2
655	70.5344	 -3.008795   -3.220643  1  1
656	70.5793	 -3.991848   -2.966721  2  2
657	70.6240	 -0.746255   -1.398052  1  1
658	70.6687	 -5.166924   -4.396699  2  2
659	70.7132	 -4.200606   -4.324790  1  1
660	70.6061	 -3.129323   -3.387903  1  2
661	70.6505	 -1.166753   -2.951088  1  1
662	70.6949	 -4.006775   -2.534033  2  2
663	70.7391	 -3.624145   -5.194587  1  1
664	70.6325	 -4.558235   -5.968400  1  2
665	70.5263	 -1.978497   -1.194608  2  1
666	70.5706	 -3.184153   -4.260409  1  1
667	70.4648	 -5.586545   -5.886792  1  2
668	70.5090	 -4.136658   -4.215295  1  1
669	70.5531	 -6.109303   -6.389755  1  1
670	70.5970	 -4.335853   -4.903894  1  1
671	70.6408	 -1.609055   -2.524054  1  1
672	70.6845	 -1.635411   -2.081829  1  1
673	70.7281	 -3.142548   -5.042058  1  1
674	70.7715	 -6.617836   -6.440398  2  2
675	70.8148	 -3.104506   -4.202368  1  1
676	70.8580	 -2.868791   -3.114369  1  1
677	70.9010	 -4.345116   -3.893290  2  2
678	70.9440	 -2.467638   -3.226594  1  1
679	70.8395	 -4.090836   -4.419609  1  2
680	70.8824	 -5.068900   -5.658722  1  1
681	70.9251	 -1.876275   -2.754948  1  1
682	70.8211	 -3.007666   -3.489263  1  2
683	70.8638	 -4.334910   -5.559319  1  1
684	70.9064	 -2.767116   -3.285283  1  1
685	70.9489	 -1.632580   -1.993681  1  1
686	70.8455	 -9.162514   -9.018436  2  1
687	70.8879	 -5.440453   -5.955897  1  1
688	70.7849	 -4.797699   -4.321902  2  1
689	70.6821	 -4.020876   -4.146663  1  2
690	70.7246	 -1.374297   -1.945154  1  1
691	70.7670	 -2.101957   -1.700389  2  2
692	70.8092	 -3.241266   -2.586256  2  2
693	70.8514	 -1.615293   -2.570827  1  1
694	70.8934	 -1.862388   -2.090659  1  1
695	70.9353	 -2.585212   -2.192100  2  2
696	70.8333	 -1.679517   -1.708008  1  2
697	70.8752	 -1.615862   -1.140997  2  2
698	70.9169	 -0.887873   -1.322511  1  1
699	70.9585	 -3.042138   -2.596716  2  2
700	70.8571	 -4.010110   -4.600630  1  2
701	70.8987	 -3.392616   -3.862198  1  1
702	70.9402	 -6.640141   -4.046501  2  2
703	70.8393	 -4.811540   -4.406536  2  1
704	70.8807	 -5.055524   -5.413963  1  1
705	70.9220	 -5.024062   -4.960847  2  2
706	70.8215	 -6.243014   -6.480693  1  2
707	70.8628	 -2.361141   -2.746215  1  1
708	70.9040	 -4.426968   -3.448456  2  2
709	70.9450	 -3.695542   -4.368516  1  1
710	70.8451	 -3.836480   -3.306692  2  1
711	70.7454	 -1.771150   -5.519199  1  2
712	70.7865	 -0.671431   -5.819200  1  1
713	70.6872	 -2.463965   -1.940210  2  1
714	70.5882	 -3.890768   -4.198497  1  2
715	70.4895	 -4.088853   -4.851584  1  2
716	70.5307	 -6.105731   -6.256779  1  1
717	70.5718	 -2.113702   -3.355175  1  1
718	70.6128	 -3.314465   -4.170187  1  1
719	70.5146	 -4.503518   -4.039234  2  1
720	70.5556	 -4.446597   -3.847921  2  2
721	70.5964	 -3.890377   -3.359190  2  2
722	70.6371	 -3.125163   -3.496007  1  1
723	70.6777	 -6.885465   -8.295221  1  1
724	70.7182	 -5.902600   -5.035896  2  2
725	70.7586	 -5.503057   -5.711527  1  1
726	70.6612	 -4.259915   -3.539644  2  1
727	70.7015	 -0.712732   -0.873142  1  1
728	70.6044	 -3.966895   -4.522034  1  2
729	70.6447	 -5.421866   -3.573380  2  2
730	70.6849	 -3.189156   -3.923650  1  1
731	70.7250	 -3.918334   -5.021874  1  1
732	70.7650	 -4.015589   -3.953740  2  2
733	70.8049	 -5.002317   -4.757305  2  2
734	70.8447	 -0.666874   -2.264361  1  1
735	70.7483	 -2.265165   -2.464771  1  2
736	70.7880	 -3.443759   -2.280674  2  2
737	70.8277	 -2.639832   -2.747922  1  1
738	70.8672	 -1.517292   -1.359970  2  2
739	70.9066	 -5.287040   -3.624991  2  2
740	70.8108	 -4.365366   -4.927710  1  2
741	70.8502	 -3.471812   -3.606685  1  1
742	70.8895	 -2.260167   -3.809985  1  1
743	70.9287	 -2.616526   -2.745906  1  1
744	70.9677	 -3.386276   -3.167157  2  2
745	70.8725	 -3.476436   -3.137762  2  1
746	70.7775	 -6.076059   -6.218568  1  2
747	70.8166	 -4.333400   -4.595618  1  1
748	70.7219	 -3.705089   -4.285326  1  2
749	70.7610	 -3.213482   -3.946537  1  1
750	70.6667	 -5.683259   -6.156465  1  2
751	70.5726	 -1.781920   -2.019957  1  2
752	70.6117	 -0.532429   -0.873402  1  1
753	70.6507	 -3.771653   -5.155716  1  1
754	70.6897	 -1.173390   -3.611517  1  1
755	70.5960	 -1.888976   -3.551744  1  2
756	70.6349	 -4.415154   -5.692927  1  1
757	70.6737	 -4.651061   -6.817307  1  1
758	70.5805	 -4.627934   -4.692128  1  2
759	70.4875	 -3.483851   -3.757406  1  2
760	70.5263	 -5.211123   -5.400763  1  1
761	70.5650	 -3.109811   -2.986987  2  2
762	70.6037	 -2.292215   -3.141780  1  1
763	70.6422	 -1.776785   -2.288752  1  1
764	70.5497	 -0.537609  -15.227077  1  2
765	70.5882	 -0.015492  -16.492071  1  1
766	70.4961	 -3.326774   -3.690050  1  2
767	70.5346	 -3.370766   -5.860600  1  1
768	70.5729	 -3.205074   -3.638806  1  1
769	70.6112	 -4.384318   -3.704339  2  2
770	70.6494	 -3.970643   -3.670804  2  2
771	70.6874	 -4.787220   -4.372121  2  2
772	70.5959	 -2.977169   -2.952384  2  1
773	70.6339	 -2.951641   -3.476378  1  1
774	70.6718	 -2.314356   -2.073029  2  2
775	70.5806	 -5.403744   -5.108653  2  1
776	70.4897	 -6.780906   -8.012275  1  2
777	70.5277	 -3.987672   -5.607473  1  1
778	70.5656	 -4.185527  -12.719515  1  1
779	70.6033	 -3.631757   -2.680070  2  2
780	70.6410	 -4.335084   -4.483348  1  1
781	70.6786	 -1.247078   -1.941652  1  1
782	70.5882	 -2.106328   -2.204713  1  2
783	70.6258	 -5.296922   -4.559524  2  2
784	70.6633	 -4.294520   -3.871368  2  2
785	70.7006	 -5.401472   -5.838963  1  1
786	70.7379	 -3.318712   -2.888461  2  2
787	70.7751	 -3.621684   -3.799678  1  1
788	70.6853	 -5.995919   -6.033339  1  2
789	70.7224	 -4.375841   -5.531933  1  1
790	70.7595	 -3.396304   -3.941917  1  1
791	70.7965	 -3.032699   -2.915130  2  2
792	70.7071	 -2.847144   -3.171636  1  2
793	70.7440	 -2.670884   -3.070996  1  1
794	70.7809	 -2.418604   -1.604435  2  2
795	70.6918	 -2.930848   -3.029816  1  2
796	70.7286	 -3.648818   -4.280022  1  1
797	70.7654	 -3.644826   -3.216198  2  2
798	70.8020	 -1.961880   -1.545868  2  2
799	70.8385	 -2.308723   -2.666502  1  1
800	70.7500	 -2.373657   -2.724271  1  2
801	70.7865	 -3.479573   -3.589601  1  1
802	70.6983	 -3.671272   -4.351561  1  2
803	70.6102	 -3.460670   -3.452601  2  1
804	70.6468	 -3.508883   -3.271079  2  2
805	70.6832	 -2.364643   -2.543893  1  1
806	70.7196	 -3.029969   -4.521993  1  1
807	70.7559	 -5.155795   -3.588431  2  2
808	70.7921	 -3.191894   -2.900973  2  2
809	70.8282	 -4.112291   -4.458014  1  1
810	70.8642	 -4.907272   -4.148738  2  2
811	70.9001	 -5.858540   -5.287220  2  2
812	70.8128	 -3.108959   -3.064277  2  1
813	70.8487	 -2.354395   -2.401269  1  1
814	70.8845	 -3.099673   -3.579640  1  1
815	70.9202	 -4.064049   -3.407309  2  2
816	70.8333	 -6.135928   -6.189532  1  2
817	70.8690	 -1.174873   -2.483430  1  1
818	70.7824	 -4.699601   -5.973530  1  2
819	70.8181	 -3.638424   -2.080852  2  2
820	70.8537	 -1.102173   -3.982639  1  1
821	70.8892	 -2.850252   -3.470529  1  1
822	70.9246	 -3.112183   -2.737015  2  2
823	70.8384	 -1.106328   -1.719886  1  2
824	70.8738	 -3.081904   -3.514138  1  1
825	70.9091	 -3.621520   -4.731573  1  1
826	70.9443	 -3.309793   -3.971409  1  1
827	70.9794	 -3.863987   -7.840964  1  1
828	71.0145	 -1.036125   -3.163212  1  1
829	70.9288	 -4.975925   -5.135346  1  2
830	70.8434	 -5.854299   -5.113574  2  1
831	70.8785	 -4.558585   -4.518794  2  2
832	70.7933	 -4.105543   -3.932122  2  1
833	70.8283	 -1.918286   -3.069129  1  1
834	70.8633	 -2.458666   -2.998362  1  1
835	70.8982	 -2.801713   -4.531442  1  1
836	70.9330	 -2.039347   -2.627279  1  1
837	70.9677	 -3.296163   -5.937946  1  1
838	70.8831	 -2.973363   -2.264103  2  1
839	70.9178	 -2.865534   -2.810374  2  2
840	70.9524	 -7.374030   -5.547009  2  2
841	70.9869	 -6.068419   -6.569934  1  1
842	70.9026	 -5.530741   -4.056050  2  1
843	70.9371	 -2.692415   -2.637590  2  2
844	70.9716	 -2.406531   -4.383818  1  1
845	71.0059	 -3.479125   -1.967834  2  2
846	70.9220	 -3.572813   -4.310148  1  2
847	70.9563	 -3.409649   -3.747680  1  1
848	70.8726	 -7.442616  -12.378893  1  2
849	70.9069	 -0.554057  -11.966870  1  1
850	70.9412	 -4.039702   -3.806978  2  2
851	70.8578	 -1.936568   -3.375617  1  2
852	70.8920	 -3.865797   -3.272904  2  2
853	70.9261	 -1.165830   -3.861453  1  1
854	70.9602	 -4.691957   -5.926392  1  1
855	70.9942	 -3.890122   -3.061312  2  2
856	71.0280	 -3.048745   -4.317633  1  1
857	71.0618	 -4.484472   -1.956879  2  2
858	71.0956	 -3.877008   -2.631587  2  2
859	71.1292	 -3.631976   -4.033902  1  1
860	71.1628	 -5.142150   -4.268098  2  2
861	71.1963	 -3.159089   -2.193286  2  2
862	71.2297	 -2.296503   -1.770347  2  2
863	71.2630	 -2.174647   -2.852452  1  1
864	71.2963	 -1.375527   -5.896799  1  1
865	71.3295	 -3.991570   -2.030081  2  2
866	71.3626	 -1.926360   -1.847328  2  2
867	71.2803	 -2.133321   -1.646074  2  1
868	71.1982	 -5.038640   -4.630885  2  1
869	71.2313	 -3.093868   -3.415617  1  1
870	71.1494	 -3.012998   -2.744055  2  1
871	71.1825	 -3.671566   -3.510459  2  2
872	71.2156	 -4.994775   -3.165077  2  2
873	71.2486	 -3.642944   -3.732410  1  1
874	71.2815	 -4.105214   -3.787174  2  2
875	71.2000	 -3.363309   -3.289360  2  1
876	71.1187	 -3.772430   -3.853702  1  2
877	71.1517	 -3.252028   -2.811218  2  2
878	71.1845	 -1.361161   -2.597475  1  1
879	71.2173	 -2.926713   -2.163205  2  2
880	71.2500	 -2.585086   -1.405894  2  2
881	71.1691	 -3.975428   -5.119466  1  2
882	71.2018	 -2.664197   -4.692380  1  1
883	71.2344	 -2.811711   -2.891445  1  1
884	71.1538	 -4.307138   -4.600745  1  2
885	71.1864	 -4.507089   -4.923178  1  1
886	71.1061	 -7.768099   -9.019311  1  2
887	71.1387	 -5.531661   -4.260343  2  2
888	71.0586	 -4.020627   -4.190482  1  2
889	71.0911	 -5.595629   -3.826437  2  2
890	71.0112	 -2.743952   -2.947189  1  2
891	71.0438	 -4.694271   -2.407506  2  2
892	70.9641	 -1.943283   -2.891573  1  2
893	70.9966	 -0.939013   -0.930594  2  2
894	70.9172	 -1.878790   -2.375152  1  2
895	70.9497	 -2.410938   -2.681535  1  1
896	70.9821	 -5.048439   -3.461718  2  2
897	71.0145	 -3.788589   -4.808620  1  1
898	71.0468	 -5.688274   -3.845639  2  2
899	71.0790	 -5.814087   -5.704203  2  2
900	71.0000	 -8.787808  -13.026173  1  2
901	71.0322	 -2.133677   -5.913328  1  1
902	71.0643	 -5.343471   -3.357360  2  2
903	71.0963	 -4.587696   -4.517766  2  2
904	71.1283	 -3.337627   -3.891690  1  1
905	71.1602	 -1.912752   -1.284783  2  2
906	71.1921	 -4.655060   -4.438176  2  2
907	71.2238	 -3.288776   -3.080992  2  2
908	71.2555	 -3.865863   -4.038156  1  1
909	71.1771	 -1.104669   -1.122762  1  2
910	71.0989	 -2.297913   -2.232238  2  1
911	71.0209	 -2.005340   -1.717664  2  1
912	71.0526	 -3.038670   -2.562024  2  2
913	71.0843	 -3.627465   -3.150409  2  2
914	71.1160	 -3.517979   -3.989547  1  1
915	71.1475	 -2.811790   -3.690857  1  1
916	71.1790	 -4.244514   -3.677033  2  2
917	71.2105	 -2.000737   -4.066630  1  1
918	71.2418	 -3.244821   -4.182807  1  1
919	71.2731	 -4.036842   -2.743963  2  2
920	71.3043	 -2.912712   -0.658939  2  2
921	71.3355	 -1.189452   -2.624843  1  1
922	71.2581	 -3.480228   -3.612226  1  2
923	71.2893	 -4.018713   -4.488129  1  1
924	71.3203	 -5.478562   -1.900120  2  2
925	71.3514	 -1.835387   -1.325421  2  2
926	71.2743	 -4.208292   -4.465167  1  2
927	71.3053	 -5.081615   -4.636757  2  2
928	71.3362	 -5.550344   -4.799366  2  2
929	71.2594	 -4.650090   -4.703251  1  2
930	71.2903	 -3.953072   -5.603075  1  1
931	71.2137	 -5.020417   -6.903171  1  2
932	71.2446	 -2.191406   -1.204039  2  2
933	71.1683	 -2.069815   -1.312161  2  1
934	71.0921	 -8.805689   -7.961576  2  1
935	71.1230	 -4.083756   -4.775399  1  1
936	71.1538	 -2.047588   -2.609236  1  1
937	71.1846	 -2.098662   -1.600915  2  2
938	71.1087	 -4.837032   -5.373672  1  2
939	71.1395	 -3.754114   -5.059331  1  1
940	71.1702	 -3.574571   -2.978082  2  2
941	71.2009	 -5.891200   -4.870745  2  2
942	71.2314	 -3.418957   -2.852685  2  2
943	71.1559	 -3.101144   -2.757787  2  1
944	71.1864	 -2.889682   -1.522478  2  2
945	71.2169	 -2.195401   -1.930437  2  2
946	71.2474	 -2.149712   -1.688602  2  2
947	71.2777	 -1.021140   -2.384180  1  1
948	71.2025	 -2.423117   -2.827203  1  2
949	71.2329	 -3.740162   -4.923762  1  1
950	71.1579	 -1.837554   -2.489386  1  2
951	71.1882	 -2.992843   -3.135673  1  1
952	71.2185	 -3.410811   -3.108542  2  2
953	71.1438	 -3.384183   -3.501333  1  2
954	71.1740	 -5.604675   -2.499633  2  2
955	71.0995	 -7.895304   -7.893749  2  1
956	71.0251	 -4.185813   -4.787135  1  2
957	71.0554	 -3.689522   -6.027207  1  1
958	71.0856	 -2.537608   -3.076832  1  1
959	71.1157	 -2.726832   -2.524426  2  2
960	71.1458	 -3.702385   -4.214212  1  1
961	71.1759	 -5.320889   -4.715463  2  2
962	71.2058	 -5.129699   -5.282306  1  1
963	71.2357	 -4.306483   -3.055361  2  2
964	71.2656	 -2.981516   -2.926758  2  2
965	71.2953	 -5.897286   -5.257432  2  2
966	71.3251	 -2.770816   -2.542705  2  2
967	71.2513	 -4.460052   -4.374287  2  1
968	71.1777	 -8.629779   -8.024442  2  1
969	71.2074	 -6.095187   -5.788171  2  2
970	71.1340	 -1.614722   -1.804653  1  2
971	71.0608	 -5.056699   -4.982274  2  1
972	71.0905	 -4.153287   -4.110966  2  2
973	71.1202	 -3.930685   -3.636220  2  2
974	71.1499	 -2.500837   -2.770770  1  1
975	71.1795	 -4.370302   -4.733524  1  1
976	71.1066	 -4.296737   -6.511985  1  2
977	71.1361	 -4.472088   -3.173706  2  2
978	71.1656	 -3.410000   -3.998110  1  1
979	71.1951	 -4.625843   -4.458720  2  2
980	71.2245	 -4.427189   -4.148239  2  2
981	71.1519	 -5.067494   -3.619749  2  1
982	71.1813	 -5.192488   -3.519562  2  2
983	71.2106	 -2.123592   -2.928015  1  1
984	71.2398	 -6.788952   -7.804960  1  1
985	71.1675	 -5.805183   -6.602346  1  2
986	71.1968	 -4.485557   -5.289124  1  1
987	71.2259	 -4.414118   -4.812045  1  1
988	71.2551	 -4.080667   -3.725822  2  2
989	71.2841	 -4.717394   -4.958650  1  1
990	71.3131	 -3.374789   -3.460588  1  1
991	71.3421	 -3.889116   -3.839074  2  2
992	71.3710	 -3.889184   -6.163747  1  1
993	71.3998	 -4.828849   -1.427679  2  2
994	71.4286	 -1.455136   -2.815591  1  1
995	71.4573	 -0.684684   -1.212387  1  1
996	71.4859	 -1.440648   -2.729869  1  1
997	71.5145	 -1.256781   -0.834457  2  2
998	71.5431	 -4.029398   -4.101281  1  1
999	71.5716	 -2.145805   -2.542166  1  1
1000	71.5000	 -1.116560   -0.891189  2  1
1001	71.5285	 -4.347794   -4.083041  2  2
1002	71.4571	 -4.712719   -4.728970  1  2
1003	71.4855	 -4.786915   -5.777635  1  1
1004	71.4143	 -6.399948   -6.637573  1  2
1005	71.4428	 -4.262933   -4.332527  1  1
1006	71.4712	 -1.321054   -0.242523  2  2
1007	71.4002	 -0.519271   -0.353534  2  1
1008	71.4286	 -2.349043   -1.575478  2  2
1009	71.4569	 -3.484056   -2.316710  2  2
1010	71.4851	 -4.316166   -3.768486  2  2
1011	71.5134	 -2.410827   -3.253722  1  1
1012	71.5415	 -5.418985   -5.473485  1  1
1013	71.5696	 -2.882367   -1.925063  2  2
1014	71.5976	 -1.242955   -6.411395  1  1
1015	71.6256	 -3.846633   -1.677463  2  2
1016	71.5551	 -3.898734   -4.325334  1  2
1017	71.4848	 -2.917789   -3.045811  1  2
1018	71.4145	 -3.807060   -3.577812  2  1
1019	71.4426	 -4.500994   -3.636856  2  2
1020	71.4706	 -2.697509   -3.208005  1  1
1021	71.4985	 -2.537482   -2.331683  2  2
1022	71.5264	 -2.149162   -1.934326  2  2
1023	71.5543	 -1.770783   -2.360356  1  1
1024	71.4844	 -2.662896   -2.285419  2  1
1025	71.4146	 -6.585390   -7.260136  1  2
1026	71.3450	 -5.169641   -4.737494  2  1
1027	71.3729	 -4.591919   -4.538853  2  2
1028	71.4008	 -4.168826   -2.849555  2  2
1029	71.4286	 -3.192221   -3.115029  2  2
1030	71.4563	 -5.880754   -6.490576  1  1
1031	71.3870	 -6.709846   -6.742708  1  2
1032	71.3178	 -4.254854   -4.951758  1  2
1033	71.3456	 -2.324746   -3.443495  1  1
1034	71.3733	 -2.562523   -3.198512  1  1
1035	71.4010	 -2.641288   -2.749052  1  1
1036	71.3320	 -3.024934   -2.454010  2  1
1037	71.2633	 -3.192306   -4.072388  1  2
1038	71.2909	 -2.254350   -3.191111  1  1
1039	71.3186	 -4.085191   -3.666714  2  2
1040	71.2500	 -2.225990   -2.256175  1  2
1041	71.2776	-12.674748   -5.322109  2  2
1042	71.3052	 -2.712804   -3.900427  1  1
1043	71.3327	 -4.015375   -2.933583  2  2
1044	71.2644	 -3.302615   -3.225089  2  1
1045	71.2919	 -2.167478   -1.604256  2  2
1046	71.3193	 -2.892878   -3.231213  1  1
1047	71.3467	 -2.739592   -3.088297  1  1
1048	71.3740	 -3.085338   -2.373525  2  2
1049	71.4013	 -4.808114   -5.435830  1  1
1050	71.4286	 -2.315862   -3.518632  1  1
1051	71.4558	 -3.138668   -3.200048  1  1
1052	71.4829	 -3.889938   -4.646790  1  1
1053	71.5100	 -5.769624   -4.144914  2  2
1054	71.5370	 -2.860976   -2.673682  2  2
1055	71.5640	 -3.546062   -3.868126  1  1
1056	71.5909	 -2.291283   -1.557584  2  2
1057	71.5232	 -2.910867   -2.522945  2  1
1058	71.4556	 -2.509986   -2.613507  1  2
1059	71.4825	 -1.747200   -2.515776  1  1
1060	71.5094	 -0.336904   -2.930053  1  1
1061	71.5363	 -2.892140   -3.622936  1  1
1062	71.4689	 -2.569221   -2.961193  1  2
1063	71.4958	 -3.884232   -4.385869  1  1
1064	71.5226	 -1.882209   -4.786299  1  1
1065	71.5493	 -4.611769   -4.789671  1  1
1066	71.5760	 -3.130244   -2.717241  2  2
1067	71.6026	 -3.311986   -3.682113  1  1
1068	71.6292	 -3.485794   -0.699891  2  2
1069	71.6558	 -1.389032   -2.052222  1  1
1070	71.6822	 -1.032415   -1.229663  1  1
1071	71.7087	 -4.564044   -3.639966  2  2
1072	71.7351	 -3.769278   -3.380899  2  2
1073	71.7614	 -4.157066   -3.688956  2  2
1074	71.7877	 -3.787090   -2.968152  2  2
1075	71.8140	 -2.228698   -1.559228  2  2
1076	71.8401	 -1.909609   -3.120199  1  1
1077	71.8663	 -4.463550   -3.644396  2  2
1078	71.8924	 -3.328629   -3.185656  2  2
1079	71.9184	 -2.958704   -3.788755  1  1
1080	71.8519	 -4.475628   -4.459098  2  1
1081	71.8779	 -2.913910   -5.029673  1  1
1082	71.9039	 -2.238090   -1.234336  2  2
1083	71.8375	 -3.657373   -3.704864  1  2
1084	71.8635	 -3.897433   -6.089657  1  1
1085	71.8894	 -2.457827   -2.777988  1  1
1086	71.9153	 -3.100004   -3.697486  1  1
1087	71.9411	 -2.719838   -2.557026  2  2
1088	71.9669	 -4.528187   -4.473251  2  2
1089	71.9927	 -1.763258   -2.371927  1  1
1090	72.0183	 -5.288134   -5.175008  2  2
1091	71.9523	 -5.496154   -7.324881  1  2
1092	71.9780	 -2.078353   -1.854250  2  2
1093	72.0037	 -2.883927   -2.773041  2  2
1094	72.0293	 -5.252225   -4.157856  2  2
1095	72.0548	 -0.458896   -2.573760  1  1
1096	72.0803	 -2.865695   -3.822747  1  1
1097	72.1057	 -3.145460   -0.551296  2  2
1098	72.1311	 -1.194477   -2.371559  1  1
1099	72.1565	 -1.512562   -1.817559  1  1
1100	72.1818	 -3.488489   -4.203339  1  1
1101	72.2071	 -2.939319   -3.709462  1  1
1102	72.2323	 -3.277906   -2.660098  2  2
1103	72.2575	 -1.888931   -1.562446  2  2
1104	72.2826	 -2.364376   -2.504596  1  1
1105	72.3077	 -2.648746   -1.870628  2  2
1106	72.3327	 -2.995649   -2.128776  2  2
1107	72.2674	 -3.991014   -3.895102  2  1
1108	72.2924	 -4.312102   -1.372163  2  2
1109	72.2272	 -3.864800   -5.018879  1  2
1110	72.2523	 -2.202433   -2.421581  1  1
1111	72.2772	 -2.268801   -2.611916  1  1
1112	72.3022	 -6.338167   -5.855193  2  2
1113	72.3270	 -0.246456  -13.980634  1  1
1114	72.3519	 -2.874642   -2.278817  2  2
1115	72.3767	 -1.396868   -2.054400  1  1
1116	72.4014	 -4.357630   -3.990911  2  2
1117	72.3366	 -4.846889   -5.148857  1  2
1118	72.2719	 -4.545304   -4.276230  2  1
1119	72.2967	 -2.339323   -2.879011  1  1
1120	72.3214	 -3.788016   -3.100662  2  2
1121	72.3461	 -2.967381   -3.267812  1  1
1122	72.2816	 -3.467492   -3.410344  2  1
1123	72.3063	 -1.418468   -3.778205  1  1
1124	72.3310	 -3.439788   -2.464373  2  2
1125	72.2667	 -4.776077   -3.771155  2  1
1126	72.2913	 -2.862686   -2.632523  2  2
1127	72.3159	 -5.690956   -4.673166  2  2
1128	72.3404	 -4.312631   -3.511939  2  2
1129	72.3649	 -2.081428   -2.220171  1  1
1130	72.3894	 -5.132339   -6.037504  1  1
1131	72.3254	 -3.183381   -2.805867  2  1
1132	72.3498	 -4.192460   -3.612600  2  2
1133	72.3742	 -4.040153   -4.574935  1  1
1134	72.3986	 -3.276497   -3.985291  1  1
1135	72.4229	 -4.304400   -3.968679  2  2
1136	72.4472	 -2.020850   -3.029003  1  1
1137	72.4714	 -3.176041   -2.717255  2  2
1138	72.4956	 -5.270578   -4.336871  2  2
1139	72.5198	 -3.570843   -2.118568  2  2
1140	72.4561	 -6.367657   -7.320866  1  2
1141	72.4803	 -6.216585   -7.680566  1  1
1142	72.5044	 -2.352094   -5.097813  1  1
1143	72.5284	 -1.078084   -2.281821  1  1
1144	72.5524	 -5.161765   -5.036744  2  2
1145	72.5764	 -4.758582   -3.863260  2  2
1146	72.6003	 -1.032992   -3.890803  1  1
1147	72.6242	 -4.414927   -3.619492  2  2
1148	72.6481	 -6.429391   -5.259557  2  2
1149	72.5849	 -6.374575   -7.738302  1  2
1150	72.6087	 -5.306359   -4.806548  2  2
1151	72.5456	 -4.761611   -4.486474  2  1
1152	72.5694	 -3.959545   -4.974466  1  1
1153	72.5932	 -5.825443   -3.805429  2  2
1154	72.6170	 -1.981209   -2.280492  1  1
1155	72.5541	 -4.279858   -4.047342  2  1
1156	72.5779	 -4.907130   -5.080267  1  1
1157	72.6016	 -4.649874   -4.403759  2  2
1158	72.5389	 -2.478183   -2.151107  2  1
1159	72.5626	 -2.383405   -1.985085  2  2
1160	72.5862	 -6.173249   -6.492634  1  1
1161	72.5237	 -3.810463   -4.124479  1  2
1162	72.5473	 -3.984635   -4.642745  1  1
1163	72.5709	 -7.141830   -5.809494  2  2
1164	72.5945	 -4.096592   -5.863885  1  1
1165	72.6180	 -2.662229   -3.946721  1  1
1166	72.6415	 -2.357522   -1.640549  2  2
1167	72.5793	 -2.475361   -2.308679  2  1
1168	72.5171	 -1.718292   -1.682350  2  1
1169	72.5406	 -7.138687   -5.981859  2  2
1170	72.5641	 -0.639195   -1.692527  1  1
1171	72.5875	 -5.550288   -3.781731  2  2
1172	72.6109	 -2.614908   -1.966547  2  2
1173	72.6343	 -4.087359   -3.267772  2  2
1174	72.6576	 -5.053018   -3.828273  2  2
1175	72.6809	 -7.774012   -7.237496  2  2
1176	72.7041	 -6.388419   -3.022669  2  2
1177	72.7273	 -7.341540   -6.592448  2  2
1178	72.6655	 -7.049379   -6.829561  2  1
1179	72.6039	 -6.034332   -5.552416  2  1
1180	72.6271	 -4.267778   -5.278597  1  1
1181	72.5656	 -5.013783   -3.927973  2  1
1182	72.5888	 -4.156812   -5.897785  1  1
1183	72.6120	 -5.276750   -5.329529  1  1
1184	72.6351	 -6.334224   -4.548242  2  2
1185	72.5738	 -6.378419   -6.053929  2  1
1186	72.5970	 -1.984455   -2.213487  1  1
1187	72.5358	 -3.283554   -3.383797  1  2
1188	72.5589	 -3.611225   -3.933994  1  1
1189	72.5820	 -3.706564   -4.237216  1  1
1190	72.5210	 -3.981043   -4.468396  1  2
1191	72.5441	 -0.646500  -10.654444  1  1
1192	72.4832	 -1.793880  -10.190331  1  2
1193	72.4225	 -0.324554  -14.626505  1  2
1194	72.4456	 -3.983282   -3.013617  2  2
1195	72.4686	 -4.941391   -3.978248  2  2
1196	72.4916	 -2.075746   -2.194456  1  1
1197	72.5146	 -4.324547   -5.210008  1  1
1198	72.4541	 -2.849444   -3.011811  1  2
1199	72.4771	 -3.783607   -3.623999  2  2
1200	72.5000	 -2.911528   -3.204224  1  1
1201	72.5229	 -0.337580   -9.089972  1  1
1202	72.4626	 -0.195592   -9.472364  1  2
1203	72.4855	 -2.705105   -1.927240  2  2
1204	72.5083	 -7.092175   -6.898123  2  2
1205	72.5311	 -3.930934   -4.592356  1  1
1206	72.5539	 -5.473291   -4.509904  2  2
1207	72.5766	 -1.407229   -2.616737  1  1
1208	72.5993	 -3.336871   -6.235892  1  1
1209	72.5393	 -3.153895   -2.985865  2  1
1210	72.5620	 -5.248255   -4.516905  2  2
1211	72.5846	 -3.368565   -4.974343  1  1
1212	72.6073	 -3.578419   -3.538518  2  2
1213	72.6298	 -5.615325   -4.958266  2  2
1214	72.5700	 -1.586864   -1.390862  2  1
1215	72.5926	 -3.864382   -5.318280  1  1
1216	72.6151	 -2.753928   -3.937492  1  1
1217	72.6376	 -3.861055   -0.075899  2  2
1218	72.6601	 -4.022204   -4.349646  1  1
1219	72.6005	 -5.697647   -5.691126  2  1
1220	72.6230	 -5.023276   -5.777750  1  1
1221	72.6454	 -8.405966   -6.982208  2  2
1222	72.6678	 -3.574046   -3.178876  2  2
1223	72.6083	 -7.679911   -7.465611  2  1
1224	72.6307	 -4.411644   -5.167501  1  1
1225	72.6531	 -4.890493   -3.744906  2  2
1226	72.6754	 -5.134138   -5.809332  1  1
1227	72.6976	 -2.214077   -1.599589  2  2
1228	72.7199	 -1.588950   -2.405963  1  1
1229	72.7421	 -4.049985   -4.942273  1  1
1230	72.6829	 -4.423797   -4.397803  2  1
1231	72.7051	 -6.448241   -4.991178  2  2
1232	72.7273	 -0.008125  -14.236281  1  1
1233	72.6683	 -0.022052  -13.960958  1  2
1234	72.6904	 -1.796121   -0.877138  2  2
1235	72.7126	 -1.655321   -1.808134  1  1
1236	72.6537	 -4.441391   -4.643160  1  2
1237	72.6758	 -4.618535   -6.802478  1  1
1238	72.6979	 -5.003391   -3.878195  2  2
1239	72.6392	 -3.815870   -4.700792  1  2
1240	72.5806	 -3.622633   -3.937667  1  2
1241	72.6027	 -4.204524   -4.268378  1  1
1242	72.6248	 -2.735330   -3.187351  1  1
1243	72.6468	 -3.583252   -3.221896  2  2
1244	72.6688	 -2.185277   -1.761659  2  2
1245	72.6908	 -2.722894   -2.902766  1  1
1246	72.7127	 -3.945741   -3.491079  2  2
1247	72.7346	 -3.317294   -4.449521  1  1
1248	72.7564	 -2.966134   -5.251661  1  1
1249	72.7782	 -2.814405   -3.543356  1  1
1250	72.8000	 -3.122383   -2.978210  2  2
1251	72.8217	 -2.801900   -1.758199  2  2
1252	72.8435	 -2.007694   -0.793043  2  2
1253	72.8651	 -0.384785   -2.234482  1  1
1254	72.8070	-12.876289  -11.216184  2  1
1255	72.7490	 -9.849561  -10.708681  1  2
1256	72.7707	 -4.727990   -3.673400  2  2
1257	72.7924	 -6.102073   -9.396019  1  1
1258	72.7345	 -3.696386   -4.069188  1  2
1259	72.7562	 -2.403578   -1.151832  2  2
1260	72.6984	 -1.835910   -1.789507  2  1
1261	72.6408	 -2.481514   -2.674281  1  2
1262	72.6624	 -3.279553   -3.395819  1  1
1263	72.6841	 -1.891192   -2.865383  1  1
1264	72.7057	 -2.975985   -3.394864  1  1
1265	72.6482	 -5.113062   -4.455726  2  1
1266	72.6698	 -0.552902   -1.898078  1  1
1267	72.6125	 -6.170497   -7.178450  1  2

2.10.806.397 I Final Winogrande score(1267 tasks): 72.6125 +/- 1.2533

