warn: LLAMA_ARG_REPACK environment variable is set, but will be overwritten by command line argument --no-repack
0.00.910.127 I 
0.00.910.166 I system_info: n_threads = 8 (n_threads_batch = 8) / 10 | MTL : EMBED_LIBRARY = 1 | CPU : NEON = 1 | ARM_FMA = 1 | FP16_VA = 1 | DOTPROD = 1 | LLAMAFILE = 1 | ACCELERATE = 1 | REPACK = 1 | 
0.00.910.893 I winogrande_score : loaded 1267 tasks from prompt.
0.00.910.900 I winogrande_score : tokenizing selected tasks
0.01.018.030 I winogrande_score : calculating winogrande score over selected tasks.
1	100.0000	 -2.933900   -2.727434  2  2
2	100.0000	 -2.891237   -3.085723  1  1
3	66.6667	 -5.671919   -5.788551  1  2
4	75.0000	 -0.693056   -2.393666  1  1
5	80.0000	 -3.519196   -4.648242  1  1
6	83.3333	 -2.442431   -3.409889  1  1
7	85.7143	 -7.317605   -7.383987  1  1
8	87.5000	 -6.546999   -5.910923  2  2
9	88.8889	 -4.210710   -3.987133  2  2
10	90.0000	 -2.123485   -2.807843  1  1
11	81.8182	 -3.958951   -4.007452  1  2
12	83.3333	 -6.261261   -1.417213  2  2
13	84.6154	 -1.166158   -3.468155  1  1
14	85.7143	 -4.207011   -4.534467  1  1
15	86.6667	 -2.708405   -2.370763  2  2
16	87.5000	 -2.798583   -3.275989  1  1
17	88.2353	 -4.595331   -4.543143  2  2
18	83.3333	 -3.931915   -3.113484  2  1
19	84.2105	 -2.098927   -2.738117  1  1
20	85.0000	 -3.606278   -2.299166  2  2
21	80.9524	 -3.775583   -4.143795  1  2
22	77.2727	 -2.353591   -2.447691  1  2
23	78.2609	 -4.533700   -4.432923  2  2
24	79.1667	 -2.770538   -3.405192  1  1
25	80.0000	 -4.471199   -3.958339  2  2
26	80.7692	 -2.141927   -3.691210  1  1
27	77.7778	 -4.656028   -4.511411  2  1
28	78.5714	 -5.799742   -6.079539  1  1
29	79.3103	 -5.302919   -6.783961  1  1
30	80.0000	 -5.031889   -5.420982  1  1
31	80.6452	 -2.011626   -3.935229  1  1
32	81.2500	 -3.291939   -3.834389  1  1
33	78.7879	 -3.958595   -4.130159  1  2
34	79.4118	 -3.746472   -4.191427  1  1
35	77.1429	 -3.990451   -4.027648  1  2
36	75.0000	 -3.479529   -3.782524  1  2
37	72.9730	 -3.042395   -3.245553  1  2
38	73.6842	 -2.809740   -4.614351  1  1
39	74.3590	 -3.930046   -3.635061  2  2
40	72.5000	 -4.310236   -4.453923  1  2
41	73.1707	 -0.993279   -1.739890  1  1
42	73.8095	 -0.663027   -2.244707  1  1
43	74.4186	 -2.389373   -1.866783  2  2
44	75.0000	 -1.819656   -2.024788  1  1
45	75.5556	 -2.557407   -2.424627  2  2
46	76.0870	 -2.712478   -2.940578  1  1
47	76.5957	 -2.922719   -2.579890  2  2
48	77.0833	 -3.113863   -2.639904  2  2
49	75.5102	 -2.260804   -2.379645  1  2
50	74.0000	 -3.990028   -3.981454  2  1
51	72.5490	 -2.135750   -1.750718  2  1
52	73.0769	 -1.941332   -1.493521  2  2
53	73.5849	 -1.680218   -1.959529  1  1
54	72.2222	 -1.967173   -1.985163  1  2
55	72.7273	 -1.692081   -2.012193  1  1
56	73.2143	 -3.334784   -2.533318  2  2
57	73.6842	 -1.999908   -1.305663  2  2
58	74.1379	 -3.036970   -2.877954  2  2
59	74.5763	 -5.068471   -5.279498  1  1
60	75.0000	 -5.080188   -5.878224  1  1
61	73.7705	 -3.498167   -3.606274  1  2
62	74.1935	 -2.943230   -2.697114  2  2
63	74.6032	 -5.974949   -3.051187  2  2
64	73.4375	 -3.475739   -2.364026  2  1
65	73.8462	 -3.153941   -3.148967  2  2
66	74.2424	 -3.695934   -1.527175  2  2
67	73.1343	 -4.179625   -4.116664  2  1
68	73.5294	 -4.841816   -4.740858  2  2
69	73.9130	 -3.838149   -3.159752  2  2
70	74.2857	 -1.645399   -2.875812  1  1
71	74.6479	 -2.711927   -3.486324  1  1
72	75.0000	 -2.384741   -3.497782  1  1
73	75.3425	 -0.914952   -1.947622  1  1
74	75.6757	 -2.717945   -2.510978  2  2
75	76.0000	 -1.096645   -1.291297  1  1
76	76.3158	 -3.345884   -3.118094  2  2
77	75.3247	 -3.022343   -3.122261  1  2
78	74.3590	 -2.832016   -2.800949  2  1
79	74.6835	 -5.183931   -4.108320  2  2
80	75.0000	 -5.241338   -5.642922  1  1
81	75.3086	 -5.296829   -4.983676  2  2
82	75.6098	 -2.234708   -2.995723  1  1
83	74.6988	 -4.022910   -4.165660  1  2
84	75.0000	 -2.303047   -2.988410  1  1
85	75.2941	 -3.923541   -2.982049  2  2
86	74.4186	 -5.940266   -5.274683  2  1
87	74.7126	 -4.400531   -1.851871  2  2
88	75.0000	 -3.265597   -3.473672  1  1
89	75.2809	 -3.387359   -3.164110  2  2
90	74.4444	 -3.287202   -3.278878  2  1
91	73.6264	 -5.135151   -4.029825  2  1
92	73.9130	 -2.429796   -1.897837  2  2
93	74.1935	 -4.667095   -5.055300  1  1
94	74.4681	 -5.179441   -4.859590  2  2
95	74.7368	 -2.845304   -3.604717  1  1
96	75.0000	 -3.080900   -1.846991  2  2
97	75.2577	 -5.502709   -5.833247  1  1
98	75.5102	 -2.922245   -4.537119  1  1
99	75.7576	 -3.963532   -2.912848  2  2
100	75.0000	 -4.796057   -4.847246  1  2
101	75.2475	 -4.749240   -3.652999  2  2
102	75.4902	 -2.221258   -2.627642  1  1
103	75.7282	 -3.579329   -2.072972  2  2
104	75.9615	 -3.692619   -4.587242  1  1
105	76.1905	 -2.719246   -2.398357  2  2
106	76.4151	 -2.600679   -3.680875  1  1
107	76.6355	 -4.243585   -4.418716  1  1
108	76.8519	 -1.226033   -2.032440  1  1
109	77.0642	 -2.738501   -2.167464  2  2
110	77.2727	 -1.699915   -3.064111  1  1
111	77.4775	 -3.636501   -3.541251  2  2
112	76.7857	 -3.989154   -4.318437  1  2
113	76.9912	 -5.151706   -4.366589  2  2
114	77.1930	 -2.270600   -2.811904  1  1
115	77.3913	 -3.575673   -3.004273  2  2
116	76.7241	 -3.596722   -3.452799  2  1
117	76.9231	 -9.613300   -6.389600  2  2
118	77.1186	 -1.217020   -0.621449  2  2
119	77.3109	 -2.977973   -3.398959  1  1
120	77.5000	 -1.822338   -3.818310  1  1
121	76.8595	 -2.438651   -2.611837  1  2
122	77.0492	 -3.112660   -3.435707  1  1
123	76.4228	 -3.649824   -3.654462  1  2
124	76.6129	 -3.236265   -3.304111  1  1
125	76.8000	 -3.563092   -2.698494  2  2
126	76.1905	 -2.759153   -2.336592  2  1
127	76.3780	 -3.078137   -2.796641  2  2
128	76.5625	 -2.323141   -2.172604  2  2
129	75.9690	 -2.151166   -2.106863  2  1
130	75.3846	 -0.762381  -11.208258  1  2
131	75.5725	 -3.538460   -3.350373  2  2
132	75.0000	 -4.243917   -5.402414  1  2
133	75.1880	 -3.462549   -2.316490  2  2
134	75.3731	 -5.998968   -5.929049  2  2
135	74.8148	 -2.696383   -2.715814  1  2
136	75.0000	 -4.168119   -4.810398  1  1
137	75.1825	 -1.659672   -0.286791  2  2
138	75.3623	 -4.876009   -4.280212  2  2
139	74.8201	 -3.401800   -3.300776  2  1
140	75.0000	 -3.041032   -2.764213  2  2
141	75.1773	 -1.742091   -2.152237  1  1
142	75.3521	 -5.628100   -5.006200  2  2
143	75.5245	 -3.687981   -2.544768  2  2
144	75.6944	 -4.017519   -3.360944  2  2
145	75.8621	 -4.768910   -4.799721  1  1
146	76.0274	 -4.999632   -4.856972  2  2
147	75.5102	 -3.052818  -10.084284  1  2
148	75.6757	 -3.572614  -10.088743  1  1
149	75.8389	 -2.872874   -2.789397  2  2
150	76.0000	 -3.064657   -2.406595  2  2
151	76.1589	 -3.093460   -3.330757  1  1
152	76.3158	 -3.656110   -2.960267  2  2
153	75.8170	 -2.832332   -2.806994  2  1
154	75.9740	 -4.597328   -5.620253  1  1
155	76.1290	 -3.161699   -6.703982  1  1
156	75.6410	 -2.557593   -2.668440  1  2
157	75.1592	 -1.758298  -14.613041  1  2
158	74.6835	 -5.069394   -4.565052  2  1
159	74.8428	 -4.706994   -4.339289  2  2
160	74.3750	 -2.397400   -2.487375  1  2
161	73.9130	 -4.576004   -4.842753  1  2
162	74.0741	 -4.406829   -4.818520  1  1
163	74.2331	 -0.889213  -14.238684  1  1
164	73.7805	 -3.205247   -3.254570  1  2
165	73.3333	 -4.801957   -5.275940  1  2
166	73.4940	 -3.436646   -5.972084  1  1
167	73.6527	 -4.095143   -4.365395  1  1
168	73.8095	 -3.870245   -3.545279  2  2
169	73.9645	 -4.437037   -3.892901  2  2
170	74.1176	 -4.347215   -4.075761  2  2
171	73.6842	 -2.459281   -2.812689  1  2
172	73.8372	 -1.189460   -1.408583  1  1
173	73.4104	 -2.573335   -2.421131  2  1
174	73.5632	 -4.209499   -4.719549  1  1
175	73.7143	 -0.287415  -12.581882  1  1
176	73.8636	 -4.199285   -2.975930  2  2
177	73.4463	 -4.728426   -4.324773  2  1
178	73.0337	 -5.766534   -6.332755  1  2
179	73.1844	 -1.962504   -2.212014  1  1
180	73.3333	 -1.835544   -3.190367  1  1
181	73.4807	 -2.657918   -9.675401  1  1
182	73.6264	 -3.774215   -2.504964  2  2
183	73.7705	 -1.718533   -1.903240  1  1
184	73.9130	 -2.852846   -2.507121  2  2
185	74.0541	 -3.855682   -5.160140  1  1
186	74.1935	 -3.302218   -2.880001  2  2
187	73.7968	 -3.642590   -4.040027  1  2
188	73.4043	 -3.732315   -3.788678  1  2
189	73.5450	 -2.713042   -3.204736  1  1
190	73.6842	 -2.886628   -2.769921  2  2
191	73.2984	 -3.118564   -2.747118  2  1
192	72.9167	 -4.547735   -4.544926  2  1
193	72.5389	 -2.792880   -2.734128  2  1
194	72.1649	 -1.931332   -2.107318  1  2
195	72.3077	 -4.693776   -4.997217  1  1
196	72.4490	 -2.797570   -3.062908  1  1
197	72.5888	 -3.949347   -3.900069  2  2
198	72.2222	 -2.151872   -4.049971  1  2
199	72.3618	 -4.008708   -4.028721  1  1
200	72.5000	 -3.035748   -3.018056  2  2
201	72.6368	 -2.392901   -3.459762  1  1
202	72.2772	 -3.732160   -3.760015  1  2
203	72.4138	 -4.390877   -3.681445  2  2
204	72.5490	 -1.861625   -2.970153  1  1
205	72.6829	 -2.703966   -2.683708  2  2
206	72.3301	 -2.700277   -3.134912  1  2
207	72.4638	 -2.438410   -2.929307  1  1
208	72.1154	 -4.935633   -5.050495  1  2
209	72.2488	 -3.520711   -5.200093  1  1
210	71.9048	 -3.380839   -3.465612  1  2
211	72.0379	 -1.975932   -2.389756  1  1
212	71.6981	 -1.791612   -2.153646  1  2
213	71.8310	 -3.132110   -3.281046  1  1
214	71.9626	 -1.868889   -1.697690  2  2
215	72.0930	 -1.314234   -1.731606  1  1
216	72.2222	 -3.228693   -2.744687  2  2
217	72.3502	 -3.042866   -3.283716  1  1
218	72.4771	 -1.761580   -2.182903  1  1
219	72.6027	 -4.142995   -3.859628  2  2
220	72.7273	 -3.047596   -2.920728  2  2
221	72.8507	 -3.224224   -2.638075  2  2
222	72.9730	 -1.873372   -2.361577  1  1
223	73.0942	 -3.401930   -3.832064  1  1
224	73.2143	 -2.086365   -2.309894  1  1
225	73.3333	 -3.099125   -2.900975  2  2
226	73.4513	 -4.908099   -5.506460  1  1
227	73.5683	 -2.051191   -1.447257  2  2
228	73.2456	 -2.884534   -3.055837  1  2
229	73.3624	 -5.069429   -5.977236  1  1
230	73.4783	 -5.314442   -5.055675  2  2
231	73.5931	 -3.931082   -3.501152  2  2
232	73.2759	 -1.793235   -1.660496  2  1
233	73.3906	 -3.262452   -2.626959  2  2
234	73.5043	 -2.574974   -4.299341  1  1
235	73.1915	 -3.645462   -3.739402  1  2
236	73.3051	 -6.674936   -6.545878  2  2
237	73.4177	 -2.857421   -3.555099  1  1
238	73.1092	 -4.626374   -4.734040  1  2
239	73.2218	 -3.473004   -4.305918  1  1
240	73.3333	 -3.292848   -3.552992  1  1
241	73.4440	 -3.705358   -2.978670  2  2
242	73.5537	 -2.890721   -3.502782  1  1
243	73.6626	 -4.414688   -4.373786  2  2
244	73.7705	 -4.099691   -3.555941  2  2
245	73.8776	 -4.290809   -5.364213  1  1
246	73.9837	 -2.843980   -2.407211  2  2
247	74.0891	 -1.029076   -1.781241  1  1
248	73.7903	 -4.007011   -3.446813  2  1
249	73.4940	 -1.687523   -1.658955  2  1
250	73.6000	 -3.453250   -3.168468  2  2
251	73.7052	 -2.833907   -3.395029  1  1
252	73.8095	 -4.304880   -4.020331  2  2
253	73.9130	 -3.920907   -3.969418  1  1
254	73.6220	 -2.865863   -2.634276  2  1
255	73.7255	 -2.429536   -2.322979  2  2
256	73.8281	 -2.526538   -3.071035  1  1
257	73.5409	 -2.860698   -2.947690  1  2
258	73.6434	 -4.381710   -3.576569  2  2
259	73.7452	 -2.607342   -3.159212  1  1
260	73.4615	 -1.811957  -19.163050  1  2
261	73.1801	 -5.124569   -5.112343  2  1
262	72.9008	 -4.338138   -4.128973  2  1
263	73.0038	 -4.379152   -4.398098  1  1
264	72.7273	 -2.449983   -2.309345  2  1
265	72.8302	 -2.412334   -2.006137  2  2
266	72.9323	 -2.527629   -2.677254  1  1
267	72.6592	 -2.851862   -2.858753  1  2
268	72.7612	 -2.446035   -1.706924  2  2
269	72.8625	 -1.957893   -2.382682  1  1
270	72.9630	 -4.683022   -4.923790  1  1
271	73.0627	 -1.902711   -2.805271  1  1
272	73.1618	 -6.580124   -5.756258  2  2
273	73.2601	 -3.378765   -3.650043  1  1
274	73.3577	 -0.980280   -2.181744  1  1
275	73.0909	 -2.032894   -2.019998  2  1
276	73.1884	 -1.640925   -1.647896  1  1
277	73.2852	 -1.522168   -1.088847  2  2
278	73.0216	 -3.503960   -3.885801  1  2
279	73.1183	 -2.163086   -2.186929  1  1
280	73.2143	 -5.465570   -6.101664  1  1
281	73.3096	 -3.332843   -3.146111  2  2
282	73.4043	 -2.190647   -2.724433  1  1
283	73.1449	 -2.369923   -3.140158  1  2
284	73.2394	 -2.695551   -3.105412  1  1
285	73.3333	 -4.191293   -4.257464  1  1
286	73.4266	 -3.013361   -4.045529  1  1
287	73.5192	 -3.246237   -3.909664  1  1
288	73.6111	 -2.531778   -2.386768  2  2
289	73.7024	 -1.935056   -2.347796  1  1
290	73.7931	 -2.584386   -2.998125  1  1
291	73.8832	 -2.532426   -2.751460  1  1
292	73.9726	 -2.522260   -3.015218  1  1
293	74.0614	 -3.016190   -2.245148  2  2
294	74.1497	 -2.336364   -3.657719  1  1
295	74.2373	 -2.154681   -3.329327  1  1
296	74.3243	 -2.618903   -2.591204  2  2
297	74.0741	 -2.049880   -2.117800  1  2
298	73.8255	 -2.577809   -2.457252  2  1
299	73.5786	 -1.872618   -2.016001  1  2
300	73.6667	 -3.832983   -1.573581  2  2
301	73.7542	 -1.302641   -2.393747  1  1
302	73.5099	 -6.332465   -5.806246  2  1
303	73.5974	 -3.282601   -2.942671  2  2
304	73.6842	 -3.047515   -3.441955  1  1
305	73.7705	 -2.380521   -1.827144  2  2
306	73.8562	 -2.722985   -3.367578  1  1
307	73.9414	 -4.392814   -4.485632  1  1
308	73.7013	 -1.218852   -1.792676  1  2
309	73.7864	 -3.031443   -2.787943  2  2
310	73.8710	 -2.552107   -3.166628  1  1
311	73.9550	 -4.796673   -4.737001  2  2
312	74.0385	 -1.731720   -2.239569  1  1
313	74.1214	 -2.875759   -2.776984  2  2
314	74.2038	 -4.525249   -3.074311  2  2
315	74.2857	 -3.890629   -4.336693  1  1
316	74.0506	 -3.871367   -3.760624  2  1
317	74.1325	 -3.621320   -3.056454  2  2
318	73.8994	 -3.857674   -3.469160  2  1
319	73.9812	 -1.439786   -1.820161  1  1
320	74.0625	 -2.117015   -3.352812  1  1
321	74.1433	 -3.771405   -2.274189  2  2
322	74.2236	 -2.483390   -3.676754  1  1
323	73.9938	 -3.256952   -3.968489  1  2
324	74.0741	 -3.585374   -3.126866  2  2
325	74.1538	 -3.902382   -3.987076  1  1
326	74.2331	 -4.124321   -3.993649  2  2
327	74.0061	 -3.372545   -3.221202  2  1
328	73.7805	 -4.005497   -4.586047  1  2
329	73.8602	 -3.311309   -3.329070  1  1
330	73.6364	 -5.367194   -4.649311  2  1
331	73.4139	 -5.108560   -5.329808  1  2
332	73.4940	 -3.789126   -3.804815  1  1
333	73.2733	 -4.917742   -5.345981  1  2
334	73.0539	 -4.336219   -4.405540  1  2
335	73.1343	 -3.985612   -3.681609  2  2
336	73.2143	 -3.577389   -3.670328  1  1
337	73.2938	 -4.763606   -4.840356  1  1
338	73.0769	 -3.737587   -3.681479  2  1
339	73.1563	 -5.113020   -5.147247  1  1
340	73.2353	 -4.617045   -3.991516  2  2
341	73.0205	 -4.762271   -5.084758  1  2
342	73.0994	 -2.285248   -3.047768  1  1
343	73.1778	 -4.962942   -5.217680  1  1
344	72.9651	 -4.142524   -4.948596  1  2
345	73.0435	 -4.563494   -5.659376  1  1
346	73.1214	 -2.438004   -8.939186  1  1
347	73.1988	 -3.556380   -2.941731  2  2
348	73.2759	 -4.334512   -3.750364  2  2
349	73.3524	 -2.269111   -3.093936  1  1
350	73.4286	 -2.879222   -2.939517  1  1
351	73.5043	 -3.473903   -3.458336  2  2
352	73.2955	 -3.095826   -2.696824  2  1
353	73.0878	 -2.937812   -4.392351  1  2
354	73.1638	 -3.033498   -2.684567  2  2
355	73.2394	 -4.575393   -6.203979  1  1
356	73.3146	 -2.747780   -3.435690  1  1
357	73.3894	 -1.893260   -2.759410  1  1
358	73.4637	 -3.122779   -2.846444  2  2
359	73.5376	 -2.966349   -3.694386  1  1
360	73.6111	 -1.523834   -1.743465  1  1
361	73.4072	 -2.720031   -2.953458  1  2
362	73.4807	 -2.126751   -2.591960  1  1
363	73.2782	 -5.106789   -5.299233  1  2
364	73.3516	 -4.238020   -5.153993  1  1
365	73.1507	 -4.066724   -4.518171  1  2
366	73.2240	 -5.864492   -5.749523  2  2
367	73.2970	 -3.370744   -3.259200  2  2
368	73.0978	 -2.858853   -3.254470  1  2
369	73.1707	 -5.363810   -6.846858  1  1
370	73.2432	 -4.119177   -3.723843  2  2
371	73.3154	 -0.243218   -9.249276  1  1
372	73.3871	 -2.445314   -2.921517  1  1
373	73.4584	 -3.864590   -3.172936  2  2
374	73.5294	 -2.550730   -4.149003  1  1
375	73.6000	 -1.762201   -1.542753  2  2
376	73.6702	 -2.382387   -2.857722  1  1
377	73.4748	 -2.139956   -2.248018  1  2
378	73.5450	 -2.433875   -2.473563  1  1
379	73.6148	 -3.329625   -3.921066  1  1
380	73.6842	 -1.651510   -2.917790  1  1
381	73.4908	 -3.501728   -3.944096  1  2
382	73.5602	 -4.631817   -3.440939  2  2
383	73.6292	 -3.646262   -3.606174  2  2
384	73.6979	 -0.143781  -14.076983  1  1
385	73.5065	 -3.947113   -3.541205  2  1
386	73.5751	 -1.609487   -1.666394  1  1
387	73.3850	 -1.860921   -1.930527  1  2
388	73.1959	 -2.283659   -2.728978  1  2
389	73.2648	 -0.568763   -2.049394  1  1
390	73.3333	 -3.456759   -3.757248  1  1
391	73.1458	 -2.443092   -2.787655  1  2
392	73.2143	 -2.872348   -3.026840  1  1
393	73.2824	 -2.216780   -3.156566  1  1
394	73.3503	 -4.871255   -2.321281  2  2
395	73.4177	 -0.711953   -1.865509  1  1
396	73.4848	 -4.360548   -3.896608  2  2
397	73.5516	 -1.874519   -2.711459  1  1
398	73.3668	 -2.716267   -2.592651  2  1
399	73.4336	 -2.472808   -2.340634  2  2
400	73.2500	 -2.416873   -2.503646  1  2
401	73.3167	 -5.483187   -4.558875  2  2
402	73.3831	 -4.306063   -3.793713  2  2
403	73.2010	 -3.548641   -3.429640  2  1
404	73.2673	 -2.534967   -2.449687  2  2
405	73.3333	 -4.429597   -4.778014  1  1
406	73.3990	 -1.616658   -3.597802  1  1
407	73.4644	 -5.565118   -5.446944  2  2
408	73.5294	 -3.390133   -2.965826  2  2
409	73.5941	 -4.513108   -2.964355  2  2
410	73.6585	 -4.024841   -3.664333  2  2
411	73.7226	 -3.671171   -3.877759  1  1
412	73.7864	 -1.999888   -2.308468  1  1
413	73.8499	 -5.321058   -4.522945  2  2
414	73.9130	 -3.086288   -3.453606  1  1
415	73.7349	 -5.492436   -6.702144  1  2
416	73.7981	 -3.035801   -2.274513  2  2
417	73.8609	 -3.578505   -4.313457  1  1
418	73.9234	 -2.553630   -3.880095  1  1
419	73.9857	 -2.757353   -3.108892  1  1
420	74.0476	 -3.744147   -3.402772  2  2
421	73.8717	 -4.069978   -4.500979  1  2
422	73.6967	 -5.656314   -6.054929  1  2
423	73.7589	 -1.951064   -2.459064  1  1
424	73.8208	 -2.179919   -2.391834  1  1
425	73.8824	 -5.449986   -5.547363  1  1
426	73.9437	 -2.260440   -2.584339  1  1
427	74.0047	 -3.985297   -3.581743  2  2
428	73.8318	 -3.114697   -2.543718  2  1
429	73.8928	 -4.108873   -4.067074  2  2
430	73.9535	 -1.025712   -0.480428  2  2
431	74.0139	 -1.959518   -2.409683  1  1
432	74.0741	 -3.267921   -2.537688  2  2
433	73.9030	 -4.434162   -5.354141  1  2
434	73.7327	 -2.716459   -2.763796  1  2
435	73.7931	 -3.452057   -4.178679  1  1
436	73.8532	 -3.057714   -2.964864  2  2
437	73.9130	 -1.726819   -2.098740  1  1
438	73.9726	 -2.757707   -2.306332  2  2
439	73.8041	 -3.440650   -3.846732  1  2
440	73.8636	 -1.325913   -1.843473  1  1
441	73.9229	 -4.273814   -3.895833  2  2
442	73.9819	 -3.343942   -3.496396  1  1
443	73.8149	 -3.381041   -3.872799  1  2
444	73.8739	 -5.205157   -4.607603  2  2
445	73.7079	 -3.180591   -2.870207  2  1
446	73.7668	 -3.520080   -3.448517  2  2
447	73.8255	 -2.550601   -2.919317  1  1
448	73.8839	 -6.672106   -6.333879  2  2
449	73.9421	 -1.049105   -4.978978  1  1
450	73.7778	 -1.639529   -4.219462  1  2
451	73.6142	 -3.940992   -4.095965  1  2
452	73.6726	 -3.778350   -1.549443  2  2
453	73.7307	 -1.514894   -1.991780  1  1
454	73.5683	 -3.924781   -3.671564  2  1
455	73.6264	 -7.244781   -6.573009  2  2
456	73.6842	 -3.450883   -3.072554  2  2
457	73.5230	 -2.776234   -2.228369  2  1
458	73.5808	 -3.371654   -3.067543  2  2
459	73.6383	 -2.933474   -3.423590  1  1
460	73.6957	 -3.634614   -4.581954  1  1
461	73.5358	 -0.782242  -10.375320  1  2
462	73.5931	 -1.187561  -11.986635  1  1
463	73.6501	 -5.378325   -5.068011  2  2
464	73.7069	 -3.735884   -3.436160  2  2
465	73.7634	 -3.375851   -3.068390  2  2
466	73.8197	 -3.893224   -3.820389  2  2
467	73.8758	 -2.552629   -3.040244  1  1
468	73.9316	 -4.627646   -3.978512  2  2
469	73.7740	 -2.709639   -2.844672  1  2
470	73.6170	 -6.056929   -6.805118  1  2
471	73.6730	 -2.270882   -1.805166  2  2
472	73.7288	 -1.793929   -2.274448  1  1
473	73.5729	 -1.152244   -1.454595  1  2
474	73.6287	 -0.876105   -2.324782  1  1
475	73.6842	 -4.846520   -5.141910  1  1
476	73.7395	 -4.553353   -4.206003  2  2
477	73.7945	 -1.366407   -2.078662  1  1
478	73.8494	 -2.113823   -2.395736  1  1
479	73.9040	 -0.035696  -13.693209  1  1
480	73.9583	 -6.075456   -4.495441  2  2
481	74.0125	 -3.862098   -3.688154  2  2
482	74.0664	 -7.713885   -6.760159  2  2
483	73.9130	 -1.598939   -1.377081  2  1
484	73.9669	 -3.689354   -1.074231  2  2
485	74.0206	 -1.090251  -16.506887  1  1
486	73.8683	 -0.333634  -16.392452  1  2
487	73.9220	 -3.334492   -3.604021  1  1
488	73.7705	 -4.152164   -4.362457  1  2
489	73.8241	 -3.841568   -4.356093  1  1
490	73.6735	 -2.525015   -2.650511  1  2
491	73.7271	 -1.787540   -3.185085  1  1
492	73.7805	 -1.591271   -3.490317  1  1
493	73.8337	 -4.791696   -4.734934  2  2
494	73.8866	 -4.917325   -4.384603  2  2
495	73.9394	 -2.841744   -3.456888  1  1
496	73.9919	 -1.901541   -1.080932  2  2
497	73.8431	 -4.276427   -4.932563  1  2
498	73.8956	 -3.701454   -5.822332  1  1
499	73.9479	 -2.858958   -2.323337  2  2
500	74.0000	 -2.816693   -3.680504  1  1
501	73.8523	 -5.108699   -5.273675  1  2
502	73.7052	 -1.501105  -13.408340  1  2
503	73.7575	 -3.213609   -2.868123  2  2
504	73.6111	 -2.086829   -1.887941  2  1
505	73.6634	 -2.607114   -2.842112  1  1
506	73.5178	 -4.024786   -4.449236  1  2
507	73.3728	 -4.077449   -5.232257  1  2
508	73.4252	 -4.316915   -4.169034  2  2
509	73.2809	 -2.591212   -2.031709  2  1
510	73.1373	 -4.641535   -3.827354  2  1
511	72.9941	 -3.712134   -3.365198  2  1
512	72.8516	 -2.925446   -3.361735  1  2
513	72.7096	 -3.354100   -3.154303  2  1
514	72.5681	 -2.903777   -3.074518  1  2
515	72.6214	 -5.679228   -4.134961  2  2
516	72.6744	 -4.311177   -5.859559  1  1
517	72.7273	 -2.830136   -2.175325  2  2
518	72.7799	 -6.071565   -3.544730  2  2
519	72.8324	 -5.559212   -5.582939  1  1
520	72.8846	 -2.420308   -2.762802  1  1
521	72.9367	 -3.386937   -2.938189  2  2
522	72.9885	 -2.206429   -2.720785  1  1
523	73.0402	 -1.698296   -2.260168  1  1
524	73.0916	 -5.336644   -5.674636  1  1
525	72.9524	 -2.128665   -2.271721  1  2
526	73.0038	 -1.239777   -2.332028  1  1
527	73.0550	 -1.717861   -1.304909  2  2
528	72.9167	 -6.251492   -6.376435  1  2
529	72.9679	 -2.676028   -4.318431  1  1
530	72.8302	 -2.036167   -2.043709  1  2
531	72.8814	 -3.707875   -3.428501  2  2
532	72.7444	 -4.474401   -4.681847  1  2
533	72.7955	 -3.922442   -4.628850  1  1
534	72.8464	 -4.207598   -3.414532  2  2
535	72.8972	 -3.250600   -2.156069  2  2
536	72.9478	 -0.856600   -2.112480  1  1
537	72.9981	 -6.601606   -3.657664  2  2
538	73.0483	 -5.886045   -6.163892  1  1
539	72.9128	 -2.005986  -13.157464  1  2
540	72.9630	 -1.265701   -1.648767  1  1
541	73.0129	 -1.920635   -1.878016  2  2
542	73.0627	 -2.987089   -2.800580  2  2
543	72.9282	 -2.522964   -2.507873  2  1
544	72.9779	 -1.310487   -1.272172  2  2
545	73.0275	 -2.164657   -2.528189  1  1
546	72.8938	 -3.406728   -3.692117  1  2
547	72.9433	 -1.403948   -0.585442  2  2
548	72.9927	 -0.740307   -2.033898  1  1
549	73.0419	 -4.867179   -4.803132  2  2
550	73.0909	 -2.131010   -1.962607  2  2
551	73.1397	 -3.783658   -4.528166  1  1
552	73.1884	 -4.426802   -3.912114  2  2
553	73.0561	 -4.755470   -4.915338  1  2
554	73.1047	 -6.448394   -6.898095  1  1
555	73.1532	 -3.080825   -4.216660  1  1
556	73.2014	 -5.285923   -5.020738  2  2
557	73.0700	 -4.430948   -4.383219  2  1
558	73.1183	 -1.358514   -2.334799  1  1
559	73.1664	 -2.904682   -1.709608  2  2
560	73.2143	 -7.115606   -6.455913  2  2
561	73.2620	 -0.998992   -1.769960  1  1
562	73.3096	 -3.623433   -3.395785  2  2
563	73.3570	 -1.929918   -2.221149  1  1
564	73.4043	 -7.553352   -6.342375  2  2
565	73.4513	 -2.376386   -2.756746  1  1
566	73.3216	 -2.382733   -2.474226  1  2
567	73.3686	 -3.364932   -3.082662  2  2
568	73.4155	 -1.433193   -2.352348  1  1
569	73.4622	 -2.734827   -3.272203  1  1
570	73.3333	 -4.604718   -5.195108  1  2
571	73.3800	 -2.698005   -3.829713  1  1
572	73.4266	 -2.633575   -2.045928  2  2
573	73.4729	 -4.131630   -4.139886  1  1
574	73.5192	 -4.870751   -4.408776  2  2
575	73.3913	 -2.701857   -2.621335  2  1
576	73.4375	 -2.141906   -1.876517  2  2
577	73.4835	 -2.888545   -4.113410  1  1
578	73.5294	 -1.261515   -0.554234  2  2
579	73.5751	 -2.443015   -2.147828  2  2
580	73.6207	 -3.168558   -3.249161  1  1
581	73.4940	 -6.172129   -5.804275  2  1
582	73.5395	 -6.031878   -5.713400  2  2
583	73.4134	 -3.893712   -3.907773  1  2
584	73.4589	 -3.885146   -4.474623  1  1
585	73.3333	 -4.378040   -4.964423  1  2
586	73.3788	 -0.199520  -15.839869  1  1
587	73.2538	 -2.838454   -2.790968  2  1
588	73.2993	 -3.157755   -3.114776  2  2
589	73.3447	 -4.517843   -4.437490  2  2
590	73.2203	 -3.486326   -3.760954  1  2
591	73.2657	 -3.562579   -2.095661  2  2
592	73.3108	 -4.067188   -4.111287  1  1
593	73.3558	 -3.344975   -5.033120  1  1
594	73.4007	 -1.575108   -2.452346  1  1
595	73.2773	 -2.103657   -2.377636  1  2
596	73.3221	 -4.540988   -3.235863  2  2
597	73.3668	 -3.386845   -2.720347  2  2
598	73.4114	 -2.210435   -2.618840  1  1
599	73.4558	 -3.760894   -4.623542  1  1
600	73.5000	 -1.722739   -1.777484  1  1
601	73.3777	 -3.076132   -2.813256  2  1
602	73.4219	 -3.084749   -2.684798  2  2
603	73.3002	 -5.257398   -5.840281  1  2
604	73.3444	 -2.810608   -4.739183  1  1
605	73.3884	 -3.062229   -3.058098  2  2
606	73.4323	 -3.115018   -5.790282  1  1
607	73.3114	 -3.061009   -2.671710  2  1
608	73.3553	 -1.824750   -2.584798  1  1
609	73.3990	 -2.783169   -2.066083  2  2
610	73.4426	 -3.428461   -3.365397  2  2
611	73.4861	 -3.510110   -2.569867  2  2
612	73.5294	 -6.533799   -5.879443  2  2
613	73.4095	 -5.672670   -6.140213  1  2
614	73.4528	 -2.296672   -2.596018  1  1
615	73.4959	 -2.589822   -2.441299  2  2
616	73.3766	 -4.158488   -3.565185  2  1
617	73.2577	 -2.247669   -1.920011  2  1
618	73.1392	 -4.477010   -5.235284  1  2
619	73.1826	 -4.098141   -3.530697  2  2
620	73.2258	 -3.684749   -3.400386  2  2
621	73.2689	 -3.511742   -4.264578  1  1
622	73.3119	 -1.886693   -3.893486  1  1
623	73.3547	 -1.612413   -1.960764  1  1
624	73.2372	 -1.611216   -1.788011  1  2
625	73.2800	 -3.513711   -3.847564  1  1
626	73.3227	 -4.275181   -3.631222  2  2
627	73.3652	 -5.618439   -5.138355  2  2
628	73.4076	 -4.763359   -3.255266  2  2
629	73.4499	 -3.127757   -4.004282  1  1
630	73.4921	 -2.310872   -2.766870  1  1
631	73.5341	 -2.895439   -2.663065  2  2
632	73.5759	 -2.100408   -3.015865  1  1
633	73.6177	 -3.357292   -3.071104  2  2
634	73.6593	 -3.314058   -3.194038  2  2
635	73.7008	 -2.367273   -2.420590  1  1
636	73.7421	 -3.706663   -4.181237  1  1
637	73.7834	 -4.037875   -3.825294  2  2
638	73.6677	 -3.173504   -3.068272  2  1
639	73.7089	 -4.216115   -4.986939  1  1
640	73.5938	 -2.378866   -1.693813  2  1
641	73.6349	 -2.429295   -2.207733  2  2
642	73.6760	 -2.372524   -2.104523  2  2
643	73.5614	 -2.342964   -3.367283  1  2
644	73.4472	 -3.856747   -2.812571  2  1
645	73.4884	 -1.864727  -11.952037  1  1
646	73.5294	 -4.999760   -5.415713  1  1
647	73.5703	 -2.246462   -2.225535  2  2
648	73.6111	 -5.173637   -5.390311  1  1
649	73.4977	 -5.495441   -5.715991  1  2
650	73.3846	 -1.361430   -1.037928  2  1
651	73.4255	 -1.240708   -0.883745  2  2
652	73.3129	 -2.091099   -2.821989  1  2
653	73.2006	 -1.802014   -1.679662  2  1
654	73.0887	 -2.406729   -2.582126  1  2
655	72.9771	 -3.461528   -3.054944  2  1
656	73.0183	 -2.915815   -2.579722  2  2
657	73.0594	 -0.999561   -1.452459  1  1
658	73.1003	 -5.576631   -4.547693  2  2
659	73.1411	 -4.337562   -4.517992  1  1
660	73.1818	 -4.637971   -3.561292  2  2
661	73.2224	 -0.464477   -2.168451  1  1
662	73.2628	 -2.105466   -2.050070  2  2
663	73.3032	 -3.829563   -4.340552  1  1
664	73.1928	 -4.251702   -4.791625  1  2
665	73.0827	 -2.007416   -1.535174  2  1
666	73.1231	 -3.411073   -3.884625  1  1
667	73.1634	 -5.822034   -5.754108  2  2
668	73.0539	 -4.560370   -4.503187  2  1
669	72.9447	 -5.790322   -5.741430  2  1
670	72.9851	 -5.065693   -5.495311  1  1
671	73.0253	 -1.506394   -2.140236  1  1
672	73.0655	 -2.480648   -2.919193  1  1
673	73.1055	 -2.517840   -4.480659  1  1
674	73.1454	 -6.718797   -6.439985  2  2
675	73.1852	 -3.073440   -3.973493  1  1
676	73.2249	 -2.573582   -2.660478  1  1
677	73.2644	 -4.036564   -3.860130  2  2
678	73.3038	 -2.393722   -3.085352  1  1
679	73.1959	 -3.603032   -3.936339  1  2
680	73.2353	 -5.689628   -6.042713  1  1
681	73.2746	 -2.061204   -2.621768  1  1
682	73.1672	 -2.832296   -4.114863  1  2
683	73.2064	 -5.197125   -5.224357  1  1
684	73.2456	 -2.346233   -2.648416  1  1
685	73.1387	 -1.970043   -1.949899  2  1
686	73.0321	 -6.571821   -6.351965  2  1
687	73.0713	 -5.084704   -5.111643  1  1
688	73.1105	 -2.877143   -4.972099  1  1
689	73.0044	 -3.924401   -4.015005  1  2
690	73.0435	 -1.430800   -1.717598  1  1
691	72.9378	 -1.620921   -1.699858  1  2
692	72.9769	 -2.053808   -1.982760  2  2
693	73.0159	 -1.233287   -2.534690  1  1
694	73.0548	 -1.715432   -1.862420  1  1
695	73.0935	 -2.261163   -1.841515  2  2
696	73.1322	 -1.793636   -1.620440  2  2
697	73.1707	 -2.020061   -1.456650  2  2
698	73.2092	 -1.211406   -1.518916  1  1
699	73.1044	 -2.639648   -2.999610  1  2
700	73.1429	 -4.531526   -3.745883  2  2
701	73.1812	 -3.785858   -4.298698  1  1
702	73.2194	 -4.920512   -4.246568  2  2
703	73.2575	 -3.911520   -3.962206  1  1
704	73.2955	 -4.610620   -5.103796  1  1
705	73.1915	 -4.568115   -4.791046  1  2
706	73.0878	 -5.551788   -6.023275  1  2
707	73.1259	 -2.578508   -2.974795  1  1
708	73.1638	 -3.869620   -3.536173  2  2
709	73.2017	 -3.856040   -4.782784  1  1
710	73.0986	 -4.120719   -3.844456  2  1
711	72.9958	 -1.916580   -4.934245  1  2
712	73.0337	 -0.892010   -5.091142  1  1
713	73.0715	 -1.182135   -1.207916  1  1
714	72.9692	 -3.275909   -3.734512  1  2
715	73.0070	 -4.315731   -3.700330  2  2
716	73.0447	 -6.180525   -6.378559  1  1
717	73.0823	 -2.688684   -3.086296  1  1
718	73.1198	 -3.254387   -3.530493  1  1
719	73.1572	 -4.880376   -5.474607  1  1
720	73.1944	 -4.216497   -3.565092  2  2
721	73.2316	 -3.132400   -2.084007  2  2
722	73.2687	 -2.745529   -2.947881  1  1
723	73.3057	 -6.659563   -8.251066  1  1
724	73.3425	 -5.796376   -5.558362  2  2
725	73.2414	 -5.696406   -5.347149  2  1
726	73.1405	 -3.856052   -3.179339  2  1
727	73.1774	 -0.673485   -1.565609  1  1
728	73.0769	 -4.005463   -4.115527  1  2
729	73.1139	 -5.234967   -3.399781  2  2
730	73.1507	 -2.925763   -3.748050  1  1
731	73.1874	 -3.919283   -4.196023  1  1
732	73.0874	 -3.887508   -4.162736  1  2
733	73.1241	 -4.360153   -4.257020  2  2
734	73.1608	 -1.135525   -1.352857  1  1
735	73.1973	 -2.664900   -2.599393  2  2
736	73.2337	 -3.535217   -2.840905  2  2
737	73.1343	 -2.962625   -2.837005  2  1
738	73.1707	 -1.354958   -1.234211  2  2
739	73.2070	 -4.175812   -3.300414  2  2
740	73.1081	 -4.698229   -4.975667  1  2
741	73.1444	 -3.708389   -4.275337  1  1
742	73.1806	 -2.034065   -3.083111  1  1
743	73.2167	 -2.062819   -2.429629  1  1
744	73.1183	 -1.977609   -2.259174  1  2
745	73.1544	 -2.179798   -2.325797  1  1
746	73.0563	 -4.653855   -5.980047  1  2
747	73.0924	 -3.968030   -4.105936  1  1
748	72.9947	 -3.052896   -3.507106  1  2
749	73.0307	 -3.085683   -3.824400  1  1
750	73.0667	 -5.898795   -5.846129  2  2
751	73.1025	 -1.659995   -1.426830  2  2
752	73.1383	 -0.607670   -0.716510  1  1
753	73.0412	 -3.749797   -3.656598  2  1
754	73.0769	 -2.194130   -4.507602  1  1
755	72.9801	 -2.833891   -3.275907  1  2
756	73.0159	 -2.570150   -4.698727  1  1
757	73.0515	 -2.553586   -4.441944  1  1
758	72.9551	 -3.960537   -4.043808  1  2
759	72.9908	 -3.346278   -3.250443  2  2
760	73.0263	 -4.707367   -5.121425  1  1
761	73.0618	 -2.760220   -2.717613  2  2
762	73.0971	 -1.964819   -2.521679  1  1
763	73.1324	 -1.588838   -2.004946  1  1
764	73.0366	 -0.584265  -15.200312  1  2
765	73.0719	 -0.214222  -15.220414  1  1
766	73.1070	 -2.765285   -2.226689  2  2
767	73.1421	 -2.452482   -3.449028  1  1
768	73.1771	 -2.765063   -4.059362  1  1
769	73.0819	 -3.916769   -4.242651  1  2
770	73.1169	 -3.267603   -2.605135  2  2
771	73.0220	 -3.860628   -4.903935  1  2
772	73.0570	 -3.079540   -3.142164  1  1
773	73.0918	 -2.682807   -2.960528  1  1
774	73.1266	 -2.612776   -2.237894  2  2
775	73.0323	 -5.437181   -4.840482  2  1
776	73.0670	 -7.073253   -5.838461  2  2
777	73.1017	 -3.161314   -3.213954  1  1
778	73.1362	 -1.282729   -9.303762  1  1
779	73.1707	 -2.888148   -2.556620  2  2
780	73.2051	 -3.999640   -4.208075  1  1
781	73.2394	 -1.810056   -2.186572  1  1
782	73.1458	 -2.199340   -3.076383  1  2
783	73.1801	 -4.869134   -3.838102  2  2
784	73.2143	 -3.326840   -3.174197  2  2
785	73.1210	 -5.216592   -4.902037  2  1
786	73.1552	 -2.736537   -2.618763  2  2
787	73.1893	 -3.522662   -3.872810  1  1
788	73.0964	 -4.866115   -5.080785  1  2
789	73.1305	 -5.005385   -5.408109  1  1
790	73.1646	 -3.262062   -3.860223  1  1
791	73.1985	 -2.074839   -1.693649  2  2
792	73.2323	 -2.560391   -2.557726  2  2
793	73.2661	 -2.577777   -2.846662  1  1
794	73.1738	 -1.506667   -1.761094  1  2
795	73.2075	 -2.628956   -2.566199  2  2
796	73.2412	 -3.730387   -3.970403  1  1
797	73.2748	 -2.711440   -2.702415  2  2
798	73.3083	 -1.939983   -1.347226  2  2
799	73.3417	 -2.672471   -2.685821  1  1
800	73.2500	 -2.460815   -2.553380  1  2
801	73.2834	 -2.859026   -3.260051  1  1
802	73.1920	 -3.332805   -3.454645  1  2
803	73.2254	 -2.734435   -3.066170  1  1
804	73.2587	 -3.425658   -3.346323  2  2
805	73.2919	 -1.816476   -2.306357  1  1
806	73.3251	 -3.686274   -4.673001  1  1
807	73.3581	 -4.923820   -2.832126  2  2
808	73.2673	 -3.069778   -3.502412  1  2
809	73.3004	 -4.527057   -4.770426  1  1
810	73.3333	 -5.060312   -3.930077  2  2
811	73.3662	 -5.169600   -5.002152  2  2
812	73.2759	 -3.747997   -3.661767  2  1
813	73.3087	 -2.290235   -2.430477  1  1
814	73.3415	 -2.895299   -3.226968  1  1
815	73.3742	 -3.527654   -3.206419  2  2
816	73.2843	 -5.414647   -5.498178  1  2
817	73.3170	 -1.421226   -2.446278  1  1
818	73.2274	 -3.280100   -3.822439  1  2
819	73.2601	 -3.022481   -2.148263  2  2
820	73.2927	 -2.478213   -3.552581  1  1
821	73.3252	 -2.521766   -2.704884  1  1
822	73.3577	 -2.311154   -2.199925  2  2
823	73.2685	 -1.612759   -1.817730  1  2
824	73.3010	 -3.109754   -3.429985  1  1
825	73.3333	 -2.954855   -3.386462  1  1
826	73.3656	 -3.629653   -5.164479  1  1
827	73.2769	 -5.024673   -4.952296  2  1
828	73.3092	 -2.674581   -3.193830  1  1
829	73.3414	 -4.161686   -4.019518  2  2
830	73.3735	 -4.516545   -4.879243  1  1
831	73.2852	 -4.339616   -4.387922  1  2
832	73.3173	 -3.912228   -4.081727  1  1
833	73.3493	 -1.504686   -2.082198  1  1
834	73.3813	 -2.355839   -2.600237  1  1
835	73.4132	 -2.454743   -3.066989  1  1
836	73.4450	 -1.593339   -2.455253  1  1
837	73.4767	 -3.214166   -5.662362  1  1
838	73.5084	 -2.349731   -2.644807  1  1
839	73.5399	 -2.695938   -2.536378  2  2
840	73.5714	 -4.691222   -3.443969  2  2
841	73.6029	 -5.075002   -5.176247  1  1
842	73.5154	 -4.372465   -3.514039  2  1
843	73.5469	 -2.855866   -2.712692  2  2
844	73.5782	 -1.968440   -2.212355  1  1
845	73.6095	 -2.900689   -2.730034  2  2
846	73.5225	 -3.433714   -3.612124  1  2
847	73.4357	 -3.603409   -3.486155  2  1
848	73.3491	 -4.158014   -9.931412  1  2
849	73.3804	 -0.668480  -10.086326  1  1
850	73.2941	 -3.156488   -3.791034  1  2
851	73.2080	 -1.599998   -2.469730  1  2
852	73.2394	 -4.222909   -3.676686  2  2
853	73.2708	 -2.209450   -3.235248  1  1
854	73.3021	 -4.560131   -4.621125  1  1
855	73.3333	 -3.876834   -2.932486  2  2
856	73.3645	 -2.860493   -3.944416  1  1
857	73.3956	 -4.816926   -2.787194  2  2
858	73.4266	 -2.595056   -2.169836  2  2
859	73.4575	 -3.522118   -3.782071  1  1
860	73.4884	 -2.897476   -2.797382  2  2
861	73.5192	 -4.194557   -3.449516  2  2
862	73.5499	 -2.442501   -2.096927  2  2
863	73.5805	 -2.432530   -2.674476  1  1
864	73.6111	 -2.307334   -4.583372  1  1
865	73.6416	 -3.583379   -1.859418  2  2
866	73.6721	 -1.827106   -1.065936  2  2
867	73.5871	 -2.153997   -1.938217  2  1
868	73.6175	 -4.701396   -4.775553  1  1
869	73.6479	 -2.907967   -3.113527  1  1
870	73.5632	 -2.929645   -2.822699  2  1
871	73.5936	 -4.126958   -3.526368  2  2
872	73.6239	 -4.668157   -2.866665  2  2
873	73.6541	 -3.458433   -3.543420  1  1
874	73.6842	 -4.077322   -3.377278  2  2
875	73.7143	 -2.900028   -2.958400  1  1
876	73.6301	 -3.007743   -3.011988  1  2
877	73.6602	 -3.465576   -2.392017  2  2
878	73.6902	 -2.020960   -2.809932  1  1
879	73.7201	 -3.529049   -2.850803  2  2
880	73.7500	 -2.354134   -1.901718  2  2
881	73.6663	 -3.903526   -4.834055  1  2
882	73.6961	 -2.800004   -3.990466  1  1
883	73.7259	 -2.421198   -2.457903  1  1
884	73.7557	 -4.201068   -4.149536  2  2
885	73.6723	 -4.170294   -4.070556  2  1
886	73.5892	 -6.114637   -6.864995  1  2
887	73.6189	 -6.035152   -5.278784  2  2
888	73.6486	 -3.670729   -3.228066  2  2
889	73.6783	 -5.025266   -4.280253  2  2
890	73.7079	 -3.387217   -3.274040  2  2
891	73.7374	 -4.366593   -3.931775  2  2
892	73.6547	 -2.475182   -2.641982  1  2
893	73.5722	 -1.282758   -1.345010  1  2
894	73.4899	 -1.874745   -2.044781  1  2
895	73.5196	 -2.016626   -2.513725  1  1
896	73.5491	 -4.985528   -4.732209  2  2
897	73.4671	 -4.358249   -4.286983  2  1
898	73.4967	 -4.799779   -3.576070  2  2
899	73.5261	 -5.315438   -5.189639  2  2
900	73.4444	 -3.283320  -10.661130  1  2
901	73.4739	 -1.742767   -3.375634  1  1
902	73.5033	 -3.723648   -3.170798  2  2
903	73.4219	 -3.572925   -4.143272  1  2
904	73.4513	 -2.933804   -3.633936  1  1
905	73.4807	 -1.699748   -1.332078  2  2
906	73.5099	 -5.979952   -5.330119  2  2
907	73.4289	 -3.069427   -3.252655  1  2
908	73.4581	 -3.008925   -4.018836  1  1
909	73.4873	 -1.373206   -1.169052  2  2
910	73.4066	 -2.521508   -2.277109  2  1
911	73.4358	 -1.618356   -1.751546  1  1
912	73.4649	 -2.950990   -2.316875  2  2
913	73.4940	 -4.879678   -3.785499  2  2
914	73.4136	 -4.626603   -4.059389  2  1
915	73.4426	 -2.608924   -3.191715  1  1
916	73.4716	 -2.922390   -2.835038  2  2
917	73.5005	 -2.668594   -4.275877  1  1
918	73.5294	 -3.085400   -4.081422  1  1
919	73.5582	 -3.253990   -2.647295  2  2
920	73.5870	 -4.206227   -2.760935  2  2
921	73.6156	 -2.024223   -3.082284  1  1
922	73.5358	 -3.699333   -3.774404  1  2
923	73.5645	 -4.775512   -5.039100  1  1
924	73.5931	 -4.546970   -2.990839  2  2
925	73.6216	 -1.566125   -1.111257  2  2
926	73.5421	 -4.258361   -4.436944  1  2
927	73.5707	 -6.755345   -5.367956  2  2
928	73.5991	 -5.010697   -4.378933  2  2
929	73.6276	 -4.555791   -4.519987  2  2
930	73.6559	 -3.076061   -5.220356  1  1
931	73.5768	 -4.517377   -5.693196  1  2
932	73.6052	 -1.047798   -0.952128  2  2
933	73.5263	 -1.313989   -1.116922  2  1
934	73.4475	 -9.266165   -7.793135  2  1
935	73.4759	 -4.910280   -5.576673  1  1
936	73.5043	 -2.446743   -2.745769  1  1
937	73.5326	 -2.477402   -1.884951  2  2
938	73.4542	 -5.277745   -5.656563  1  2
939	73.4824	 -3.505479   -3.954675  1  1
940	73.5106	 -3.475905   -2.829309  2  2
941	73.5388	 -5.132361   -4.218040  2  2
942	73.5669	 -3.011095   -2.353131  2  2
943	73.5949	 -2.395229   -2.591850  1  1
944	73.6229	 -2.121970   -1.801821  2  2
945	73.6508	 -2.303821   -2.170515  2  2
946	73.6786	 -2.349843   -1.965433  2  2
947	73.7064	 -1.489643   -2.511085  1  1
948	73.6287	 -2.407240   -2.598556  1  2
949	73.6565	 -3.936368   -4.294688  1  1
950	73.5789	 -1.974599   -2.085824  1  2
951	73.6067	 -2.173016   -2.908233  1  1
952	73.6345	 -2.482445   -2.369395  2  2
953	73.5572	 -3.421470   -3.574022  1  2
954	73.5849	 -3.956420   -2.472901  2  2
955	73.6126	 -7.597046   -7.627037  1  1
956	73.5356	 -3.968802   -5.244779  1  2
957	73.5632	 -4.370237   -5.517259  1  1
958	73.4864	 -3.039232   -2.971315  2  1
959	73.5141	 -2.279702   -2.181996  2  2
960	73.5417	 -3.114716   -4.053805  1  1
961	73.5692	 -4.415380   -4.415281  2  2
962	73.5967	 -5.071362   -5.213260  1  1
963	73.6241	 -4.702870   -3.295401  2  2
964	73.6515	 -3.034956   -2.759756  2  2
965	73.6788	 -5.963283   -5.896564  2  2
966	73.7060	 -2.862687   -2.593975  2  2
967	73.6298	 -3.199885   -2.988986  2  1
968	73.5537	 -6.890006   -6.104156  2  1
969	73.5810	 -4.696031   -4.328771  2  2
970	73.5052	 -1.636815   -1.754366  1  2
971	73.4295	 -5.153745   -4.885036  2  1
972	73.3539	 -3.477750   -3.539055  1  2
973	73.2785	 -3.016968   -3.356205  1  2
974	73.3060	 -1.865004   -2.516246  1  1
975	73.3333	 -2.583463   -3.964113  1  1
976	73.3607	 -5.209925   -5.023850  2  2
977	73.3879	 -5.095800   -3.447744  2  2
978	73.4151	 -2.925095   -4.042394  1  1
979	73.4423	 -5.196709   -5.190759  2  2
980	73.3673	 -2.653458   -3.212555  1  2
981	73.3945	 -2.815463   -3.184146  1  1
982	73.4216	 -3.757064   -3.421023  2  2
983	73.4486	 -1.692958   -2.302580  1  1
984	73.4756	 -5.662988   -6.066657  1  1
985	73.5025	 -5.070483   -4.994319  2  2
986	73.4280	 -4.962342   -4.879256  2  1
987	73.4549	 -3.599094   -4.056136  1  1
988	73.4818	 -3.938613   -3.851319  2  2
989	73.5086	 -3.817481   -4.069955  1  1
990	73.5354	 -3.745841   -4.058341  1  1
991	73.4612	 -3.351772   -3.638350  1  2
992	73.4879	 -3.510024   -4.246943  1  1
993	73.5146	 -3.308687   -2.829055  2  2
994	73.5412	 -1.415622   -2.377806  1  1
995	73.5678	 -0.758154   -0.965392  1  1
996	73.5944	 -1.353455   -2.036182  1  1
997	73.6209	 -1.401558   -1.116022  2  2
998	73.6473	 -3.961732   -4.364546  1  1
999	73.6737	 -1.334460   -1.540980  1  1
1000	73.6000	 -1.629698   -1.507470  2  1
1001	73.6264	 -4.752533   -4.485988  2  2
1002	73.6527	 -4.862190   -4.254960  2  2
1003	73.6790	 -4.364488   -5.045465  1  1
1004	73.6056	 -5.875349   -5.918256  1  2
1005	73.6318	 -3.880721   -4.003895  1  1
1006	73.6581	 -0.801074   -0.584856  2  2
1007	73.6842	 -0.997892   -1.045508  1  1
1008	73.7103	 -2.764072   -2.197507  2  2
1009	73.7364	 -3.307033   -2.465187  2  2
1010	73.6634	 -3.687068   -3.725084  1  2
1011	73.6894	 -2.280468   -2.768166  1  1
1012	73.7154	 -5.227377   -5.419699  1  1
1013	73.7414	 -2.156069   -2.027551  2  2
1014	73.7673	 -1.891870   -3.648435  1  1
1015	73.7931	 -2.637530   -1.477831  2  2
1016	73.7205	 -3.809452   -3.995110  1  2
1017	73.6480	 -2.190924   -2.717207  1  2
1018	73.5756	 -3.446122   -2.685530  2  1
1019	73.6016	 -4.041239   -3.427878  2  2
1020	73.5294	 -2.560436   -2.555875  2  1
1021	73.4574	 -2.215749   -2.237742  1  2
1022	73.4834	 -2.567221   -2.065724  2  2
1023	73.5093	 -2.287236   -2.389549  1  1
1024	73.4375	 -2.830660   -2.469131  2  1
1025	73.3659	 -6.485939   -6.615595  1  2
1026	73.2943	 -6.184070   -5.420314  2  1
1027	73.2230	 -3.679572   -4.290820  1  2
1028	73.2490	 -4.553938   -3.012703  2  2
1029	73.1778	 -2.650733   -2.792242  1  2
1030	73.2039	 -4.785677   -5.659054  1  1
1031	73.2299	 -5.625141   -5.369544  2  2
1032	73.1589	 -3.561481   -3.661566  1  2
1033	73.1849	 -2.235807   -2.462181  1  1
1034	73.2108	 -2.935941   -3.286793  1  1
1035	73.2367	 -2.906204   -3.103210  1  1
1036	73.2625	 -2.774002   -2.821570  1  1
1037	73.1919	 -3.870564   -3.947203  1  2
1038	73.2177	 -2.736662   -2.922741  1  1
1039	73.2435	 -3.551366   -3.269605  2  2
1040	73.1731	 -1.868002   -1.977827  1  2
1041	73.1988	-12.616179   -5.139151  2  2
1042	73.2246	 -3.015142   -3.688468  1  1
1043	73.2502	 -4.305783   -3.893162  2  2
1044	73.1801	 -3.269414   -3.240316  2  1
1045	73.1100	 -2.275995   -2.306428  1  2
1046	73.1358	 -2.222868   -2.622219  1  1
1047	73.1614	 -2.983427   -3.141582  1  1
1048	73.1870	 -2.923074   -2.699839  2  2
1049	73.2126	 -3.326899   -3.923695  1  1
1050	73.2381	 -2.433347   -2.928042  1  1
1051	73.1684	 -2.821133   -2.815146  2  1
1052	73.1939	 -2.285244   -2.560508  1  1
1053	73.1244	 -2.944296   -3.012055  1  2
1054	73.1499	 -2.559304   -2.210733  2  2
1055	73.1754	 -3.681837   -3.945253  1  1
1056	73.2008	 -2.327916   -1.979623  2  2
1057	73.2261	 -2.420359   -3.764144  1  1
1058	73.2514	 -2.631106   -2.443901  2  2
1059	73.2767	 -1.762085   -2.519285  1  1
1060	73.3019	 -0.505042   -0.856785  1  1
1061	73.3270	 -3.137436   -3.726408  1  1
1062	73.3522	 -2.815557   -2.698925  2  2
1063	73.3772	 -3.151611   -3.287917  1  1
1064	73.4023	 -3.722771   -5.010477  1  1
1065	73.4272	 -5.230055   -5.254829  1  1
1066	73.4522	 -2.577744   -2.446854  2  2
1067	73.4770	 -2.089821   -2.392445  1  1
1068	73.5019	 -2.212441   -1.547672  2  2
1069	73.4331	 -2.407021   -2.189080  2  1
1070	73.4579	 -0.532094   -2.808021  1  1
1071	73.4827	 -4.630538   -3.766819  2  2
1072	73.4142	 -3.027187   -3.154767  1  2
1073	73.3458	 -2.365952   -2.452329  1  2
1074	73.3706	 -3.718304   -2.386093  2  2
1075	73.3953	 -2.059107   -1.955061  2  2
1076	73.4201	 -1.520610   -2.365884  1  1
1077	73.4448	 -4.010792   -3.435013  2  2
1078	73.4694	 -3.279575   -3.123260  2  2
1079	73.4940	 -2.801339   -3.389658  1  1
1080	73.4259	 -3.992470   -3.802835  2  1
1081	73.4505	 -2.992057   -4.247377  1  1
1082	73.4750	 -1.456588   -1.101413  2  2
1083	73.4072	 -3.722474   -3.864352  1  2
1084	73.4317	 -4.603518   -5.568125  1  1
1085	73.4562	 -2.321604   -2.467021  1  1
1086	73.4807	 -2.393554   -2.623853  1  1
1087	73.5051	 -3.490040   -3.003821  2  2
1088	73.5294	 -5.261288   -4.852832  2  2
1089	73.5537	 -1.974148   -2.433650  1  1
1090	73.5780	 -4.841954   -4.841627  2  2
1091	73.5105	 -5.375363   -5.584487  1  2
1092	73.5348	 -2.770235   -1.705846  2  2
1093	73.4675	 -2.414991   -2.506427  1  2
1094	73.4918	 -5.347723   -4.905931  2  2
1095	73.5160	 -0.705435   -1.899458  1  1
1096	73.5401	 -2.861299   -3.167704  1  1
1097	73.5643	 -2.311931   -0.964830  2  2
1098	73.5883	 -1.218922   -1.524666  1  1
1099	73.5214	 -1.687905   -1.624801  2  1
1100	73.5455	 -3.485864   -3.726826  1  1
1101	73.5695	 -2.438969   -3.116735  1  1
1102	73.5935	 -2.538476   -2.135744  2  2
1103	73.5267	 -1.731763   -1.821269  1  2
1104	73.5507	 -3.048417   -3.196919  1  1
1105	73.5747	 -2.836897   -2.051388  2  2
1106	73.5986	 -2.911146   -1.972824  2  2
1107	73.5321	 -3.695396   -3.044840  2  1
1108	73.5560	 -4.809067   -3.216610  2  2
1109	73.4896	 -4.120049   -4.891432  1  2
1110	73.4234	 -2.348314   -2.211853  2  1
1111	73.4473	 -2.437399   -2.522069  1  1
1112	73.4712	 -5.562622   -5.455074  2  2
1113	73.4951	 -4.246836  -12.037737  1  1
1114	73.5189	 -2.835485   -2.599211  2  2
1115	73.5426	 -1.848371   -2.142354  1  1
1116	73.5663	 -4.466746   -3.446851  2  2
1117	73.5900	 -5.062666   -4.523154  2  2
1118	73.6136	 -3.894737   -3.998312  1  1
1119	73.6372	 -2.604509   -3.054760  1  1
1120	73.5714	 -3.200157   -3.236417  1  2
1121	73.5950	 -2.992414   -3.026297  1  1
1122	73.5294	 -3.423707   -3.333407  2  1
1123	73.5530	 -1.903973   -3.322020  1  1
1124	73.5765	 -2.832308   -2.174377  2  2
1125	73.5111	 -3.859582   -3.477662  2  1
1126	73.4458	 -2.403937   -2.767154  1  2
1127	73.4694	 -5.551954   -4.346498  2  2
1128	73.4929	 -3.586375   -3.301435  2  2
1129	73.5164	 -2.109867   -2.334058  1  1
1130	73.5398	 -4.465143   -6.087540  1  1
1131	73.4748	 -2.191875   -2.177514  2  1
1132	73.4982	 -3.591570   -3.233508  2  2
1133	73.5216	 -3.606461   -3.788514  1  1
1134	73.5450	 -3.744976   -4.193246  1  1
1135	73.5683	 -4.710708   -4.384432  2  2
1136	73.5915	 -2.220061   -2.837709  1  1
1137	73.6148	 -3.247669   -2.746989  2  2
1138	73.6380	 -4.648401   -4.123851  2  2
1139	73.6611	 -3.047295   -2.388809  2  2
1140	73.5965	 -6.115888   -7.044655  1  2
1141	73.5320	 -6.840411   -6.023325  2  1
1142	73.5552	 -4.314743   -4.412623  1  1
1143	73.5783	 -1.590543   -2.179777  1  1
1144	73.6014	 -3.776210   -3.743858  2  2
1145	73.6245	 -4.665909   -4.372026  2  2
1146	73.6475	 -1.577686   -2.501699  1  1
1147	73.6704	 -3.608378   -3.007419  2  2
1148	73.6934	 -5.925248   -4.592640  2  2
1149	73.7163	 -7.013244   -6.383051  2  2
1150	73.7391	 -4.872141   -4.315333  2  2
1151	73.6751	 -4.693130   -4.577304  2  1
1152	73.6979	 -3.445751   -4.520535  1  1
1153	73.7207	 -5.553987   -4.191787  2  2
1154	73.7435	 -1.764147   -2.632223  1  1
1155	73.6797	 -5.563958   -5.152009  2  1
1156	73.6159	 -3.706904   -3.613686  2  1
1157	73.6387	 -3.221389   -3.006384  2  2
1158	73.5751	 -2.676887   -2.233200  2  1
1159	73.5979	 -2.686244   -2.409047  2  2
1160	73.6207	 -4.788761   -5.449285  1  1
1161	73.6434	 -4.585389   -4.556164  2  2
1162	73.6661	 -4.627435   -4.939144  1  1
1163	73.6887	 -5.364427   -4.716069  2  2
1164	73.7113	 -3.242288   -4.976032  1  1
1165	73.7339	 -3.537511   -3.890748  1  1
1166	73.7564	 -1.535029   -0.948586  2  2
1167	73.7789	 -1.764704   -2.144325  1  1
1168	73.8014	 -2.762713   -2.781844  1  1
1169	73.8238	 -6.865069   -5.183439  2  2
1170	73.8462	 -1.946871   -3.797543  1  1
1171	73.8685	 -6.206123   -3.391380  2  2
1172	73.8908	 -3.325213   -1.874318  2  2
1173	73.9130	 -4.350965   -3.341607  2  2
1174	73.9353	 -3.525136   -2.761073  2  2
1175	73.9574	 -7.320163   -7.010978  2  2
1176	73.9796	 -5.657770   -3.793120  2  2
1177	74.0017	 -6.194511   -5.512701  2  2
1178	74.0238	 -6.086275   -6.092529  1  1
1179	73.9610	 -5.025912   -4.276920  2  1
1180	73.9831	 -4.002064   -4.541548  1  1
1181	74.0051	 -3.733311   -4.167010  1  1
1182	74.0271	 -3.899236   -4.565125  1  1
1183	73.9645	 -5.674555   -4.855718  2  1
1184	73.9865	 -6.924811   -4.913762  2  2
1185	73.9241	 -6.079126   -5.793385  2  1
1186	73.9460	 -2.033082   -2.204234  1  1
1187	73.9680	 -2.800073   -2.713013  2  2
1188	73.9899	 -2.709349   -3.402031  1  1
1189	74.0118	 -3.616989   -3.947839  1  1
1190	74.0336	 -3.612554   -3.599894  2  2
1191	74.0554	 -0.505174  -10.869187  1  1
1192	73.9933	 -0.989069  -10.664317  1  2
1193	73.9313	 -1.276568  -15.435973  1  2
1194	73.9531	 -3.289400   -2.748476  2  2
1195	73.9749	 -4.499903   -3.860854  2  2
1196	73.9130	 -3.502427   -3.008668  2  1
1197	73.9348	 -2.214981   -4.667200  1  1
1198	73.9566	 -3.187397   -3.093535  2  2
1199	73.9783	 -3.280714   -3.269729  2  2
1200	74.0000	 -2.847181   -2.888882  1  1
1201	74.0216	 -1.173853   -7.137054  1  1
1202	73.9601	 -0.223836   -8.252979  1  2
1203	73.9817	 -2.756267   -2.276425  2  2
1204	74.0033	 -6.347303   -6.266126  2  2
1205	74.0249	 -4.819384   -5.340464  1  1
1206	74.0464	 -5.044634   -4.332403  2  2
1207	74.0679	 -2.104269   -2.682186  1  1
1208	74.0894	 -3.918842   -4.868292  1  1
1209	74.1108	 -2.963626   -3.134042  1  1
1210	74.1322	 -6.222068   -5.520918  2  2
1211	74.1536	 -5.041523   -6.283059  1  1
1212	74.1749	 -3.421784   -3.321762  2  2
1213	74.1962	 -5.442358   -5.150039  2  2
1214	74.2175	 -1.289195   -1.920910  1  1
1215	74.2387	 -2.359911   -3.504498  1  1
1216	74.2599	 -2.665028   -3.185915  1  1
1217	74.2810	 -2.064063   -0.592028  2  2
1218	74.3021	 -3.943266   -4.327630  1  1
1219	74.3232	 -5.018478   -5.296588  1  1
1220	74.2623	 -4.695215   -3.961977  2  1
1221	74.2834	 -7.434908   -7.361662  2  2
1222	74.3044	 -3.848949   -3.557526  2  2
1223	74.2437	 -7.622329   -7.332481  2  1
1224	74.1830	 -4.810017   -4.755452  2  1
1225	74.2041	 -3.578232   -2.350811  2  2
1226	74.2251	 -3.936426   -5.042516  1  1
1227	74.2461	 -2.123516   -1.737098  2  2
1228	74.2671	 -1.818475   -2.426177  1  1
1229	74.2067	 -4.615511   -4.065831  2  1
1230	74.1463	 -4.003462   -3.616295  2  1
1231	74.1673	 -5.799478   -3.757836  2  2
1232	74.1883	 -0.587490  -13.067756  1  1
1233	74.1281	 -0.390960  -12.876838  1  2
1234	74.1491	 -1.540004   -1.327782  2  2
1235	74.1700	 -1.576344   -1.843268  1  1
1236	74.1100	 -4.513793   -5.189703  1  2
1237	74.1310	 -3.666815   -5.699931  1  1
1238	74.1519	 -3.876276   -3.583108  2  2
1239	74.0920	 -3.535523   -3.645943  1  2
1240	74.1129	 -4.190050   -3.819918  2  2
1241	74.0532	 -3.921058   -3.588845  2  1
1242	74.0741	 -2.804246   -3.301015  1  1
1243	74.0949	 -3.051678   -2.799620  2  2
1244	74.1158	 -2.029951   -1.926377  2  2
1245	74.1365	 -2.764071   -3.304703  1  1
1246	74.1573	 -4.308542   -3.661224  2  2
1247	74.1780	 -3.474406   -3.960497  1  1
1248	74.1987	 -2.959206   -6.459323  1  1
1249	74.2194	 -2.698787   -3.061409  1  1
1250	74.1600	 -2.188201   -2.281358  1  2
1251	74.1807	 -2.662254   -2.342439  2  2
1252	74.2013	 -2.285315   -1.091871  2  2
1253	74.2219	 -0.870655   -1.137754  1  1
1254	74.2424	 -9.009925  -10.188898  1  1
1255	74.2629	 -8.923861   -8.332031  2  2
1256	74.2834	 -3.286626   -2.501900  2  2
1257	74.3039	 -3.737172   -8.544735  1  1
1258	74.2448	 -3.263338   -3.451557  1  2
1259	74.2653	 -2.797462   -2.297057  2  2
1260	74.2857	 -1.660742   -1.833235  1  1
1261	74.2268	 -2.435922   -2.676395  1  2
1262	74.2472	 -2.598934   -2.849914  1  1
1263	74.2676	 -2.120207   -2.455693  1  1
1264	74.2880	 -2.655793   -3.016810  1  1
1265	74.2292	 -3.814482   -3.252241  2  1
1266	74.2496	 -1.276711   -1.801109  1  1
1267	74.2699	 -5.301449   -5.289610  2  2

4.04.790.173 I Final Winogrande score(1267 tasks): 74.2699 +/- 1.2286

