warn: LLAMA_ARG_REPACK environment variable is set, but will be overwritten by command line argument --no-repack
0.00.937.805 I 
0.00.937.843 I system_info: n_threads = 8 (n_threads_batch = 8) / 10 | MTL : EMBED_LIBRARY = 1 | CPU : NEON = 1 | ARM_FMA = 1 | FP16_VA = 1 | DOTPROD = 1 | LLAMAFILE = 1 | ACCELERATE = 1 | REPACK = 1 | 
0.00.943.167 I hellaswag_score : loaded 10042 tasks from prompt.
0.00.943.175 I ================================= is_spm = 0
0.00.943.177 I hellaswag_score : selecting 400 randomized tasks.
0.01.093.643 I hellaswag_score : calculating hellaswag score over selected tasks.

task	acc_norm	95% confidence interval
1	0.00000000%	[0.0000%, 79.3451%]
2	50.00000000%	[9.4531%, 90.5469%]
3	66.66666667%	[20.7660%, 93.8508%]
4	75.00000000%	[30.0642%, 95.4413%]
5	80.00000000%	[37.5535%, 96.3776%]
6	83.33333333%	[43.6497%, 96.9947%]
7	85.71428571%	[48.6872%, 97.4320%]
8	87.50000000%	[52.9112%, 97.7583%]
9	88.88888889%	[56.5000%, 98.0109%]
10	90.00000000%	[59.5850%, 98.2124%]
11	90.90909091%	[62.2642%, 98.3768%]
12	83.33333333%	[55.1969%, 95.3035%]
13	84.61538462%	[57.7654%, 95.6742%]
14	85.71428571%	[60.0586%, 95.9906%]
15	86.66666667%	[62.1180%, 96.2639%]
16	87.50000000%	[63.9772%, 96.5023%]
17	82.35294118%	[58.9705%, 93.8089%]
18	83.33333333%	[60.7780%, 94.1634%]
19	78.94736842%	[56.6657%, 91.4923%]
20	80.00000000%	[58.3983%, 91.9342%]
21	80.95238095%	[59.9994%, 92.3324%]
22	81.81818182%	[61.4834%, 92.6931%]
23	82.60869565%	[62.8624%, 93.0213%]
24	79.16666667%	[59.5295%, 90.7552%]
25	76.00000000%	[56.5703%, 88.5037%]
26	73.07692308%	[53.9170%, 86.2956%]
27	70.37037037%	[51.5193%, 84.1470%]
28	71.42857143%	[52.9407%, 84.7460%]
29	72.41379310%	[54.2829%, 85.3012%]
30	73.33333333%	[55.5520%, 85.8173%]
31	74.19354839%	[56.7539%, 86.2983%]
32	71.87500000%	[54.6255%, 84.4354%]
33	72.72727273%	[55.7824%, 84.9326%]
34	73.52941176%	[56.8829%, 85.3988%]
35	74.28571429%	[57.9307%, 85.8370%]
36	75.00000000%	[58.9295%, 86.2495%]
37	75.67567568%	[59.8827%, 86.6386%]
38	76.31578947%	[60.7932%, 87.0063%]
39	74.35897436%	[58.9183%, 85.4312%]
40	72.50000000%	[57.1650%, 83.8920%]
41	73.17073171%	[58.0665%, 84.3050%]
42	71.42857143%	[56.4328%, 82.8330%]
43	72.09302326%	[57.3090%, 83.2534%]
44	72.72727273%	[58.1511%, 83.6536%]
45	71.11111111%	[56.6315%, 82.2699%]
46	71.73913043%	[57.4514%, 82.6758%]
47	72.34042553%	[58.2414%, 83.0634%]
48	72.91666667%	[59.0030%, 83.4340%]
49	73.46938776%	[59.7377%, 83.7887%]
50	72.00000000%	[58.3349%, 82.5258%]
51	72.54901961%	[59.0533%, 82.8857%]
52	71.15384615%	[57.7272%, 81.6700%]
53	69.81132075%	[56.4632%, 80.4817%]
54	68.51851852%	[55.2566%, 79.3207%]
55	67.27272727%	[54.1032%, 78.1869%]
56	66.07142857%	[52.9995%, 77.0800%]
57	66.66666667%	[53.7225%, 77.5062%]
58	67.24137931%	[54.4241%, 77.9167%]
59	67.79661017%	[55.1050%, 78.3124%]
60	68.33333333%	[55.7662%, 78.6941%]
61	68.85245902%	[56.4086%, 79.0626%]
62	67.74193548%	[55.3681%, 78.0455%]
63	68.25396825%	[55.9965%, 78.4133%]
64	68.75000000%	[56.6077%, 78.7689%]
65	67.69230769%	[55.6140%, 77.7961%]
66	66.66666667%	[54.6563%, 76.8436%]
67	67.16417910%	[55.2582%, 77.2087%]
68	67.64705882%	[55.8445%, 77.5624%]
69	68.11594203%	[56.4159%, 77.9052%]
70	68.57142857%	[56.9729%, 78.2377%]
71	67.60563380%	[56.0612%, 77.3428%]
72	68.05555556%	[56.6077%, 77.6744%]
73	68.49315068%	[57.1409%, 77.9964%]
74	68.91891892%	[57.6614%, 78.3092%]
75	68.00000000%	[56.7889%, 77.4570%]
76	68.42105263%	[57.3004%, 77.7691%]
77	68.83116883%	[57.8000%, 78.0727%]
78	69.23076923%	[58.2882%, 78.3681%]
79	69.62025316%	[58.7653%, 78.6555%]
80	70.00000000%	[59.2318%, 78.9354%]
81	70.37037037%	[59.6880%, 79.2080%]
82	70.73170732%	[60.1342%, 79.4737%]
83	71.08433735%	[60.5708%, 79.7326%]
84	71.42857143%	[60.9980%, 79.9850%]
85	71.76470588%	[61.4161%, 80.2311%]
86	72.09302326%	[61.8254%, 80.4713%]
87	72.41379310%	[62.2262%, 80.7057%]
88	72.72727273%	[62.6188%, 80.9345%]
89	71.91011236%	[61.8166%, 80.1905%]
90	72.22222222%	[62.2048%, 80.4203%]
91	72.52747253%	[62.5852%, 80.6448%]
92	72.82608696%	[62.9581%, 80.8642%]
93	73.11827957%	[63.3238%, 81.0787%]
94	73.40425532%	[63.6823%, 81.2884%]
95	73.68421053%	[64.0340%, 81.4935%]
96	73.95833333%	[64.3789%, 81.6941%]
97	74.22680412%	[64.7174%, 81.8904%]
98	74.48979592%	[65.0495%, 82.0825%]
99	74.74747475%	[65.3755%, 82.2706%]
100	74.00000000%	[64.6290%, 81.5953%]
101	74.25742574%	[64.9525%, 81.7848%]
102	73.52941176%	[64.2273%, 81.1236%]
103	72.81553398%	[63.5191%, 80.4713%]
104	73.07692308%	[63.8430%, 80.6667%]
105	73.33333333%	[64.1613%, 80.8583%]
106	73.58490566%	[64.4740%, 81.0461%]
107	73.83177570%	[64.7814%, 81.2303%]
108	74.07407407%	[65.0835%, 81.4109%]
109	73.39449541%	[64.4060%, 80.7901%]
110	73.63636364%	[64.7059%, 80.9717%]
111	73.87387387%	[65.0008%, 81.1498%]
112	74.10714286%	[65.2908%, 81.3246%]
113	74.33628319%	[65.5761%, 81.4962%]
114	74.56140351%	[65.8568%, 81.6647%]
115	74.78260870%	[66.1330%, 81.8301%]
116	74.13793103%	[65.4865%, 81.2419%]
117	74.35897436%	[65.7609%, 81.4083%]
118	74.57627119%	[66.0311%, 81.5718%]
119	74.78991597%	[66.2970%, 81.7324%]
120	75.00000000%	[66.5589%, 81.8902%]
121	74.38016529%	[65.9358%, 81.3241%]
122	74.59016393%	[66.1962%, 81.4828%]
123	74.79674797%	[66.4526%, 81.6389%]
124	74.19354839%	[65.8467%, 81.0864%]
125	74.40000000%	[66.1017%, 81.2433%]
126	74.60317460%	[66.3529%, 81.3976%]
127	74.80314961%	[66.6005%, 81.5494%]
128	74.21875000%	[66.0131%, 81.0131%]
129	74.41860465%	[66.2593%, 81.1657%]
130	73.84615385%	[65.6850%, 80.6385%]
131	74.04580153%	[65.9298%, 80.7917%]
132	73.48484848%	[65.3681%, 80.2733%]
133	73.68421053%	[65.6115%, 80.4272%]
134	73.88059701%	[65.8515%, 80.5786%]
135	74.07407407%	[66.0883%, 80.7277%]
136	74.26470588%	[66.3218%, 80.8745%]
137	74.45255474%	[66.5521%, 81.0191%]
138	74.63768116%	[66.7793%, 81.1616%]
139	74.82014388%	[67.0034%, 81.3019%]
140	75.00000000%	[67.2246%, 81.4401%]
141	75.17730496%	[67.4429%, 81.5763%]
142	75.35211268%	[67.6582%, 81.7105%]
143	75.52447552%	[67.8708%, 81.8427%]
144	75.69444444%	[68.0806%, 81.9731%]
145	75.86206897%	[68.2876%, 82.1015%]
146	76.02739726%	[68.4921%, 82.2282%]
147	76.19047619%	[68.6939%, 82.3531%]
148	76.35135135%	[68.8932%, 82.4762%]
149	76.51006711%	[69.0899%, 82.5976%]
150	76.66666667%	[69.2842%, 82.7174%]
151	76.15894040%	[68.7670%, 82.2529%]
152	75.65789474%	[68.2581%, 81.7928%]
153	75.81699346%	[68.4536%, 81.9157%]
154	75.97402597%	[68.6468%, 82.0370%]
155	76.12903226%	[68.8376%, 82.1566%]
156	76.28205128%	[69.0262%, 82.2747%]
157	75.79617834%	[68.5321%, 81.8280%]
158	75.94936709%	[68.7201%, 81.9468%]
159	76.10062893%	[68.9059%, 82.0640%]
160	76.25000000%	[69.0894%, 82.1796%]
161	76.39751553%	[69.2709%, 82.2938%]
162	76.54320988%	[69.4502%, 82.4066%]
163	76.68711656%	[69.6274%, 82.5179%]
164	76.82926829%	[69.8026%, 82.6278%]
165	76.96969697%	[69.9759%, 82.7363%]
166	77.10843373%	[70.1471%, 82.8435%]
167	77.24550898%	[70.3164%, 82.9493%]
168	77.38095238%	[70.4838%, 83.0539%]
169	76.92307692%	[70.0151%, 82.6343%]
170	77.05882353%	[70.1822%, 82.7396%]
171	77.19298246%	[70.3475%, 82.8436%]
172	76.74418605%	[69.8885%, 82.4314%]
173	76.87861272%	[70.0534%, 82.5360%]
174	76.43678161%	[69.6023%, 82.1292%]
175	76.57142857%	[69.7669%, 82.2344%]
176	76.13636364%	[69.3234%, 81.8328%]
177	76.27118644%	[69.4877%, 81.9386%]
178	76.40449438%	[69.6502%, 82.0431%]
179	75.97765363%	[69.2154%, 81.6483%]
180	76.11111111%	[69.3776%, 81.7534%]
181	75.69060773%	[68.9499%, 81.3635%]
182	75.82417582%	[69.1117%, 81.4691%]
183	75.95628415%	[69.2718%, 81.5735%]
184	76.08695652%	[69.4302%, 81.6767%]
185	76.21621622%	[69.5871%, 81.7787%]
186	75.80645161%	[69.1700%, 81.3985%]
187	75.93582888%	[69.3265%, 81.5011%]
188	76.06382979%	[69.4814%, 81.6024%]
189	75.66137566%	[69.0720%, 81.2284%]
190	75.78947368%	[69.2266%, 81.3302%]
191	75.91623037%	[69.3796%, 81.4309%]
192	76.04166667%	[69.5312%, 81.5306%]
193	75.64766839%	[69.1303%, 81.1639%]
194	75.77319588%	[69.2815%, 81.2640%]
195	75.38461538%	[68.8867%, 80.9017%]
196	75.00000000%	[68.4967%, 80.5422%]
197	74.61928934%	[68.1114%, 80.1854%]
198	74.74747475%	[68.2643%, 80.2886%]
199	74.87437186%	[68.4158%, 80.3908%]
200	75.00000000%	[68.5659%, 80.4918%]
201	75.12437811%	[68.7146%, 80.5919%]
202	75.24752475%	[68.8618%, 80.6909%]
203	75.36945813%	[69.0077%, 80.7889%]
204	75.49019608%	[69.1523%, 80.8859%]
205	75.60975610%	[69.2955%, 80.9819%]
206	75.72815534%	[69.4373%, 81.0770%]
207	75.84541063%	[69.5779%, 81.1711%]
208	75.48076923%	[69.2072%, 80.8302%]
209	75.59808612%	[69.3475%, 80.9247%]
210	75.71428571%	[69.4865%, 81.0182%]
211	75.82938389%	[69.6243%, 81.1108%]
212	75.94339623%	[69.7608%, 81.2025%]
213	76.05633803%	[69.8961%, 81.2934%]
214	76.16822430%	[70.0302%, 81.3833%]
215	75.81395349%	[69.6694%, 81.0523%]
216	75.92592593%	[69.8033%, 81.1425%]
217	75.57603687%	[69.4473%, 80.8150%]
218	75.68807339%	[69.5809%, 80.9056%]
219	75.79908676%	[69.7134%, 80.9953%]
220	75.90909091%	[69.8447%, 81.0842%]
221	76.01809955%	[69.9749%, 81.1722%]
222	76.12612613%	[70.1040%, 81.2595%]
223	76.23318386%	[70.2320%, 81.3459%]
224	76.33928571%	[70.3589%, 81.4315%]
225	76.44444444%	[70.4847%, 81.5164%]
226	76.54867257%	[70.6095%, 81.6004%]
227	76.65198238%	[70.7332%, 81.6838%]
228	76.75438596%	[70.8559%, 81.7663%]
229	76.85589520%	[70.9775%, 81.8481%]
230	76.52173913%	[70.6359%, 81.5362%]
231	76.19047619%	[70.2979%, 81.2262%]
232	75.86206897%	[69.9632%, 80.9184%]
233	75.96566524%	[70.0864%, 81.0026%]
234	76.06837607%	[70.2086%, 81.0861%]
235	75.74468085%	[69.8789%, 80.7823%]
236	75.42372881%	[69.5526%, 80.4805%]
237	75.52742616%	[69.6753%, 80.5652%]
238	75.63025210%	[69.7971%, 80.6492%]
239	75.73221757%	[69.9179%, 80.7324%]
240	75.83333333%	[70.0378%, 80.8149%]
241	75.93360996%	[70.1567%, 80.8968%]
242	76.03305785%	[70.2746%, 80.9779%]
243	76.13168724%	[70.3917%, 81.0583%]
244	75.81967213%	[70.0738%, 80.7652%]
245	75.91836735%	[70.1907%, 80.8459%]
246	76.01626016%	[70.3066%, 80.9259%]
247	76.11336032%	[70.4217%, 81.0052%]
248	76.20967742%	[70.5359%, 81.0839%]
249	76.30522088%	[70.6492%, 81.1619%]
250	76.40000000%	[70.7616%, 81.2393%]
251	76.49402390%	[70.8732%, 81.3161%]
252	76.58730159%	[70.9840%, 81.3922%]
253	76.28458498%	[70.6749%, 81.1080%]
254	76.37795276%	[70.7855%, 81.1844%]
255	76.47058824%	[70.8953%, 81.2602%]
256	76.56250000%	[71.0043%, 81.3353%]
257	76.26459144%	[70.7001%, 81.0555%]
258	76.35658915%	[70.8090%, 81.1309%]
259	76.44787645%	[70.9170%, 81.2057%]
260	76.53846154%	[71.0243%, 81.2799%]
261	76.62835249%	[71.1307%, 81.3535%]
262	76.33587786%	[70.8320%, 81.0786%]
263	76.04562738%	[70.5360%, 80.8053%]
264	76.13636364%	[70.6430%, 80.8800%]
265	76.22641509%	[70.7493%, 80.9541%]
266	76.31578947%	[70.8547%, 81.0276%]
267	76.40449438%	[70.9595%, 81.1005%]
268	76.49253731%	[71.0634%, 81.1729%]
269	76.57992565%	[71.1667%, 81.2447%]
270	76.66666667%	[71.2692%, 81.3160%]
271	76.38376384%	[70.9802%, 81.0498%]
272	76.47058824%	[71.0826%, 81.1213%]
273	76.19047619%	[70.7967%, 80.8574%]
274	76.27737226%	[70.8991%, 80.9291%]
275	76.00000000%	[70.6162%, 80.6674%]
276	76.08695652%	[70.7184%, 80.7393%]
277	76.17328520%	[70.8199%, 80.8107%]
278	76.25899281%	[70.9207%, 80.8815%]
279	76.34408602%	[71.0208%, 80.9518%]
280	76.42857143%	[71.1202%, 81.0216%]
281	76.51245552%	[71.2189%, 81.0909%]
282	76.59574468%	[71.3170%, 81.1597%]
283	76.32508834%	[71.0406%, 80.9045%]
284	76.40845070%	[71.1386%, 80.9734%]
285	76.14035088%	[70.8650%, 80.7204%]
286	76.22377622%	[70.9629%, 80.7895%]
287	76.30662021%	[71.0601%, 80.8582%]
288	76.38888889%	[71.1567%, 80.9264%]
289	76.47058824%	[71.2527%, 80.9940%]
290	76.55172414%	[71.3480%, 81.0613%]
291	76.63230241%	[71.4426%, 81.1280%]
292	76.36986301%	[71.1746%, 80.8803%]
293	76.45051195%	[71.2692%, 80.9472%]
294	76.53061224%	[71.3632%, 81.0137%]
295	76.61016949%	[71.4566%, 81.0797%]
296	76.68918919%	[71.5493%, 81.1452%]
297	76.76767677%	[71.6415%, 81.2103%]
298	76.84563758%	[71.7331%, 81.2749%]
299	76.58862876%	[71.4704%, 81.0324%]
300	76.33333333%	[71.2097%, 80.7911%]
301	76.07973422%	[70.9510%, 80.5512%]
302	76.15894040%	[71.0435%, 80.6172%]
303	75.90759076%	[70.7874%, 80.3791%]
304	75.65789474%	[70.5331%, 80.1423%]
305	75.73770492%	[70.6260%, 80.2091%]
306	75.81699346%	[70.7184%, 80.2754%]
307	75.57003257%	[70.4670%, 80.0410%]
308	75.64935065%	[70.5593%, 80.1075%]
309	75.72815534%	[70.6509%, 80.1735%]
310	75.80645161%	[70.7421%, 80.2391%]
311	75.88424437%	[70.8326%, 80.3043%]
312	75.96153846%	[70.9226%, 80.3690%]
313	76.03833866%	[71.0120%, 80.4333%]
314	76.11464968%	[71.1009%, 80.4972%]
315	76.19047619%	[71.1892%, 80.5606%]
316	76.26582278%	[71.2770%, 80.6237%]
317	76.34069401%	[71.3643%, 80.6863%]
318	76.10062893%	[71.1195%, 80.4587%]
319	76.17554859%	[71.2067%, 80.5215%]
320	76.25000000%	[71.2933%, 80.5839%]
321	76.01246106%	[71.0511%, 80.3585%]
322	75.77639752%	[70.8107%, 80.1343%]
323	75.85139319%	[70.8977%, 80.1974%]
324	75.92592593%	[70.9843%, 80.2600%]
325	76.00000000%	[71.0703%, 80.3223%]
326	76.07361963%	[71.1558%, 80.3841%]
327	76.14678899%	[71.2408%, 80.4456%]
328	76.21951220%	[71.3253%, 80.5067%]
329	76.29179331%	[71.4093%, 80.5674%]
330	76.36363636%	[71.4928%, 80.6277%]
331	76.43504532%	[71.5759%, 80.6877%]
332	76.20481928%	[71.3410%, 80.4692%]
333	76.27627628%	[71.4240%, 80.5293%]
334	76.04790419%	[71.1911%, 80.3124%]
335	76.11940299%	[71.2740%, 80.3726%]
336	76.19047619%	[71.3565%, 80.4324%]
337	75.96439169%	[71.1260%, 80.2175%]
338	75.73964497%	[70.8971%, 80.0037%]
339	75.81120944%	[70.9799%, 80.0641%]
340	75.88235294%	[71.0622%, 80.1242%]
341	75.95307918%	[71.1440%, 80.1839%]
342	76.02339181%	[71.2254%, 80.2432%]
343	76.09329446%	[71.3064%, 80.3022%]
344	75.87209302%	[71.0810%, 80.0918%]
345	75.94202899%	[71.1618%, 80.1509%]
346	75.72254335%	[70.9383%, 79.9419%]
347	75.79250720%	[71.0191%, 80.0011%]
348	75.57471264%	[70.7975%, 79.7935%]
349	75.64469914%	[70.8782%, 79.8528%]
350	75.71428571%	[70.9585%, 79.9118%]
351	75.78347578%	[71.0383%, 79.9704%]
352	75.85227273%	[71.1177%, 80.0287%]
353	75.63739377%	[70.8990%, 79.8238%]
354	75.70621469%	[70.9783%, 79.8822%]
355	75.77464789%	[71.0572%, 79.9403%]
356	75.84269663%	[71.1357%, 79.9980%]
357	75.63025210%	[70.9194%, 79.7954%]
358	75.69832402%	[70.9978%, 79.8532%]
359	75.76601671%	[71.0758%, 79.9107%]
360	75.55555556%	[70.8616%, 79.7098%]
361	75.34626039%	[70.6488%, 79.5099%]
362	75.41436464%	[70.7271%, 79.5679%]
363	75.48209366%	[70.8049%, 79.6256%]
364	75.54945055%	[70.8824%, 79.6829%]
365	75.61643836%	[70.9594%, 79.7399%]
366	75.68306011%	[71.0360%, 79.7966%]
367	75.74931880%	[71.1122%, 79.8529%]
368	75.81521739%	[71.1881%, 79.9090%]
369	75.88075881%	[71.2635%, 79.9647%]
370	75.94594595%	[71.3385%, 80.0202%]
371	76.01078167%	[71.4132%, 80.0753%]
372	76.07526882%	[71.4874%, 80.1301%]
373	76.13941019%	[71.5613%, 80.1846%]
374	76.20320856%	[71.6348%, 80.2388%]
375	76.26666667%	[71.7079%, 80.2928%]
376	76.32978723%	[71.7806%, 80.3464%]
377	76.12732095%	[71.5742%, 80.1534%]
378	76.19047619%	[71.6469%, 80.2071%]
379	76.25329815%	[71.7192%, 80.2606%]
380	76.31578947%	[71.7911%, 80.3137%]
381	76.37795276%	[71.8627%, 80.3666%]
382	76.43979058%	[71.9340%, 80.4191%]
383	76.50130548%	[72.0048%, 80.4714%]
384	76.56250000%	[72.0754%, 80.5235%]
385	76.62337662%	[72.1455%, 80.5752%]
386	76.68393782%	[72.2153%, 80.6267%]
387	76.74418605%	[72.2848%, 80.6779%]
388	76.80412371%	[72.3539%, 80.7288%]
389	76.86375321%	[72.4227%, 80.7794%]
390	76.92307692%	[72.4911%, 80.8298%]
391	76.72634271%	[72.2901%, 80.6426%]
392	76.78571429%	[72.3585%, 80.6930%]
393	76.84478372%	[72.4266%, 80.7433%]
394	76.90355330%	[72.4943%, 80.7932%]
395	76.96202532%	[72.5617%, 80.8429%]
396	77.02020202%	[72.6288%, 80.8924%]
397	77.07808564%	[72.6956%, 80.9416%]
398	77.13567839%	[72.7620%, 80.9905%]
399	77.19298246%	[72.8281%, 81.0392%]
400	77.25000000%	[72.8939%, 81.0877%]


